<html>
<body>
<pre>
<h1>µVision Build Log</h1>
<h2>Project:</h2>
C:\Users\Taimoor\Desktop\SPI FLASH CODE\SPI CODE\SPI SD Card.uvproj
Project File Date:  08/14/2024

<h2>Output:</h2>
Rebuild target 'Target 1'
assembling startup_TM4C123.s...
compiling gpio.c...
compiling main.c...
src\main.c(21): warning:  #177-D: variable "ch" was declared but never referenced
src\main.c(23): warning:  #177-D: variable "n" was declared but never referenced
compiling spi.c...
compiling uart.c...
linking...
Program Size: Code=2448 RO-data=636 RW-data=0 ZI-data=608  
".\SPI SD Card.axf" - 0 Errors, 2 Warning(s).
Load "C:\\Users\\Taimoor\\Desktop\\SPI FLASH CODE\\SPI CODE\\SPI SD Card.axf" 
Connecting: Mode=JTAG, Speed=1000000Hz
Full Chip Erase Done.
Erase Done.
Programming Done.
Verify OK.
Rebuild target 'Target 1'
assembling startup_TM4C123.s...
compiling gpio.c...
compiling main.c...
src\main.c(21): warning:  #177-D: variable "ch" was declared but never referenced
src\main.c(23): warning:  #177-D: variable "n" was declared but never referenced
compiling spi.c...
compiling uart.c...
linking...
Program Size: Code=2448 RO-data=636 RW-data=0 ZI-data=608  
".\SPI SD Card.axf" - 0 Errors, 2 Warning(s).
Load "C:\\Users\\Taimoor\\Desktop\\SPI FLASH CODE\\SPI CODE\\SPI SD Card.axf" 
Connecting: Mode=JTAG, Speed=1000000Hz
Full Chip Erase Done.
Erase Done.
Programming Done.
Verify OK.
Rebuild target 'Target 1'
assembling startup_TM4C123.s...
compiling gpio.c...
compiling main.c...
src\main.c(21): warning:  #177-D: variable "ch" was declared but never referenced
src\main.c(23): warning:  #177-D: variable "n" was declared but never referenced
compiling spi.c...
compiling uart.c...
linking...
Program Size: Code=2448 RO-data=636 RW-data=0 ZI-data=608  
".\SPI SD Card.axf" - 0 Errors, 2 Warning(s).
Load "C:\\Users\\Taimoor\\Desktop\\SPI FLASH CODE\\SPI CODE\\SPI SD Card.axf" 
Connecting: Mode=JTAG, Speed=1000000Hz
Full Chip Erase Done.
Erase Done.
Programming Done.
Verify OK.
Rebuild target 'Target 1'
assembling startup_TM4C123.s...
compiling gpio.c...
compiling main.c...
src\main.c(21): warning:  #177-D: variable "ch" was declared but never referenced
src\main.c(23): warning:  #177-D: variable "n" was declared but never referenced
compiling spi.c...
compiling uart.c...
linking...
Program Size: Code=2448 RO-data=636 RW-data=0 ZI-data=608  
".\SPI SD Card.axf" - 0 Errors, 2 Warning(s).
Load "C:\\Users\\Taimoor\\Desktop\\SPI FLASH CODE\\SPI CODE\\SPI SD Card.axf" 
Connecting: Mode=JTAG, Speed=1000000Hz
Full Chip Erase Done.
Erase Done.
Programming Done.
Verify OK.
Build target 'Target 1'
compiling spi.c...
linking...
Program Size: Code=2448 RO-data=636 RW-data=0 ZI-data=608  
".\SPI SD Card.axf" - 0 Errors, 0 Warning(s).
Rebuild target 'Target 1'
assembling startup_TM4C123.s...
compiling gpio.c...
compiling main.c...
src\main.c(21): warning:  #177-D: variable "ch" was declared but never referenced
src\main.c(23): warning:  #177-D: variable "n" was declared but never referenced
compiling spi.c...
compiling uart.c...
linking...
Program Size: Code=2448 RO-data=636 RW-data=0 ZI-data=608  
".\SPI SD Card.axf" - 0 Errors, 2 Warning(s).
Load "C:\\Users\\Taimoor\\Desktop\\SPI FLASH CODE\\SPI CODE\\SPI SD Card.axf" 
Connecting: Mode=JTAG, Speed=1000000Hz
Full Chip Erase Done.
Erase Done.
Programming Done.
Verify OK.
Rebuild target 'Target 1'
assembling startup_TM4C123.s...
compiling gpio.c...
compiling main.c...
src\main.c(42): warning:  #69-D: integer conversion resulted in truncation
src\main.c(21): warning:  #177-D: variable "ch" was declared but never referenced
src\main.c(23): warning:  #177-D: variable "n" was declared but never referenced
compiling spi.c...
compiling uart.c...
linking...
Program Size: Code=2444 RO-data=636 RW-data=0 ZI-data=608  
".\SPI SD Card.axf" - 0 Errors, 3 Warning(s).
Load "C:\\Users\\Taimoor\\Desktop\\SPI FLASH CODE\\SPI CODE\\SPI SD Card.axf" 
Connecting: Mode=JTAG, Speed=1000000Hz
Full Chip Erase Done.
Erase Done.
Programming Done.
Verify OK.
Rebuild target 'Target 1'
assembling startup_TM4C123.s...
compiling gpio.c...
compiling main.c...
src\main.c(21): warning:  #177-D: variable "ch" was declared but never referenced
src\main.c(23): warning:  #177-D: variable "n" was declared but never referenced
compiling spi.c...
compiling uart.c...
linking...
Program Size: Code=2460 RO-data=636 RW-data=0 ZI-data=608  
".\SPI SD Card.axf" - 0 Errors, 2 Warning(s).
Load "C:\\Users\\Taimoor\\Desktop\\SPI FLASH CODE\\SPI CODE\\SPI SD Card.axf" 
Connecting: Mode=JTAG, Speed=1000000Hz
Full Chip Erase Done.
Erase Done.
Programming Done.
Verify OK.
Rebuild target 'Target 1'
assembling startup_TM4C123.s...
compiling gpio.c...
compiling main.c...
src\main.c(21): warning:  #177-D: variable "ch" was declared but never referenced
src\main.c(23): warning:  #177-D: variable "n" was declared but never referenced
compiling spi.c...
compiling uart.c...
linking...
Program Size: Code=2480 RO-data=636 RW-data=0 ZI-data=608  
".\SPI SD Card.axf" - 0 Errors, 2 Warning(s).
Load "C:\\Users\\Taimoor\\Desktop\\SPI FLASH CODE\\SPI CODE\\SPI SD Card.axf" 
Connecting: Mode=JTAG, Speed=1000000Hz
Full Chip Erase Done.
Erase Done.
Programming Done.
Verify OK.
Rebuild target 'Target 1'
assembling startup_TM4C123.s...
compiling gpio.c...
compiling main.c...
src\main.c(21): warning:  #177-D: variable "ch" was declared but never referenced
src\main.c(23): warning:  #177-D: variable "n" was declared but never referenced
compiling spi.c...
compiling uart.c...
linking...
Program Size: Code=2480 RO-data=636 RW-data=0 ZI-data=608  
".\SPI SD Card.axf" - 0 Errors, 2 Warning(s).
Load "C:\\Users\\Taimoor\\Desktop\\SPI FLASH CODE\\SPI CODE\\SPI SD Card.axf" 
Connecting: Mode=JTAG, Speed=1000000Hz
Full Chip Erase Done.
Erase Done.
Programming Failed!
Rebuild target 'Target 1'
assembling startup_TM4C123.s...
compiling gpio.c...
compiling main.c...
src\main.c(21): warning:  #177-D: variable "ch" was declared but never referenced
src\main.c(23): warning:  #177-D: variable "n" was declared but never referenced
compiling spi.c...
compiling uart.c...
linking...
Program Size: Code=2480 RO-data=636 RW-data=0 ZI-data=608  
".\SPI SD Card.axf" - 0 Errors, 2 Warning(s).
Load "C:\\Users\\Taimoor\\Desktop\\SPI FLASH CODE\\SPI CODE\\SPI SD Card.axf" 
Connecting: Mode=JTAG, Speed=1000000Hz
Full Chip Erase Done.
Erase Done.
Programming Done.
Verify OK.
Rebuild target 'Target 1'
assembling startup_TM4C123.s...
compiling gpio.c...
compiling main.c...
src\main.c(21): warning:  #177-D: variable "ch" was declared but never referenced
src\main.c(23): warning:  #177-D: variable "n" was declared but never referenced
compiling spi.c...
compiling uart.c...
linking...
Program Size: Code=2480 RO-data=636 RW-data=0 ZI-data=608  
".\SPI SD Card.axf" - 0 Errors, 2 Warning(s).
Load "C:\\Users\\Taimoor\\Desktop\\SPI FLASH CODE\\SPI CODE\\SPI SD Card.axf" 
Connecting: Mode=JTAG, Speed=1000000Hz
Full Chip Erase Done.
Erase Done.
Programming Done.
Verify OK.
Rebuild target 'Target 1'
assembling startup_TM4C123.s...
compiling gpio.c...
compiling main.c...
src\main.c(21): warning:  #177-D: variable "ch" was declared but never referenced
src\main.c(23): warning:  #177-D: variable "n" was declared but never referenced
compiling spi.c...
compiling uart.c...
linking...
Program Size: Code=2480 RO-data=636 RW-data=0 ZI-data=608  
".\SPI SD Card.axf" - 0 Errors, 2 Warning(s).
Load "C:\\Users\\Taimoor\\Desktop\\SPI FLASH CODE\\SPI CODE\\SPI SD Card.axf" 
Connecting: Mode=JTAG, Speed=1000000Hz
Full Chip Erase Done.
Erase Done.
Programming Done.
Verify OK.
Rebuild target 'Target 1'
assembling startup_TM4C123.s...
compiling gpio.c...
compiling main.c...
src\main.c(21): warning:  #177-D: variable "ch" was declared but never referenced
src\main.c(23): warning:  #177-D: variable "n" was declared but never referenced
compiling spi.c...
compiling uart.c...
linking...
Program Size: Code=2480 RO-data=636 RW-data=0 ZI-data=608  
".\SPI SD Card.axf" - 0 Errors, 2 Warning(s).
Load "C:\\Users\\Taimoor\\Desktop\\SPI FLASH CODE\\SPI CODE\\SPI SD Card.axf" 
Connecting: Mode=JTAG, Speed=1000000Hz
Full Chip Erase Done.
Erase Done.
Programming Done.
Verify OK.
Rebuild target 'Target 1'
assembling startup_TM4C123.s...
compiling gpio.c...
compiling main.c...
src\main.c(21): warning:  #177-D: variable "ch" was declared but never referenced
src\main.c(23): warning:  #177-D: variable "n" was declared but never referenced
compiling spi.c...
compiling uart.c...
linking...
Program Size: Code=2480 RO-data=636 RW-data=0 ZI-data=608  
".\SPI SD Card.axf" - 0 Errors, 2 Warning(s).
Load "C:\\Users\\Taimoor\\Desktop\\SPI FLASH CODE\\SPI CODE\\SPI SD Card.axf" 
Connecting: Mode=JTAG, Speed=1000000Hz
Full Chip Erase Done.
Erase Done.
Programming Done.
Verify OK.
