<html>
<body>
<pre>
<h1>µVision Build Log</h1>
<h2>Project:</h2>
C:\Users\Taimoor\Desktop\SPI FLASH CODE\SPI CODE\SPI SD Card.uvproj
Project File Date:  08/18/2024

<h2>Output:</h2>
Rebuild target 'Target 1'
assembling startup_TM4C123.s...
compiling gpio.c...
compiling main.c...
compiling spi.c...
compiling uart.c...
compiling sd_card.c...
src\sd_card.c(140): warning:  #550-D: variable "response" was set but never used
src\sd_card.c(142): warning:  #550-D: variable "buffer" was set but never used
linking...
Program Size: Code=3460 RO-data=636 RW-data=0 ZI-data=608  
".\SPI SD Card.axf" - 0 Errors, 2 Warning(s).
Load "C:\\Users\\Taimoor\\Desktop\\SPI FLASH CODE\\SPI CODE\\SPI SD Card.axf" 
Connecting: Mode=JTAG, Speed=1000000Hz
Full Chip Erase Done.
Erase Done.
Programming Done.
Verify OK.
Rebuild target 'Target 1'
assembling startup_TM4C123.s...
compiling gpio.c...
compiling main.c...
compiling spi.c...
compiling uart.c...
compiling sd_card.c...
src\sd_card.c(140): warning:  #550-D: variable "response" was set but never used
src\sd_card.c(142): warning:  #550-D: variable "buffer" was set but never used
linking...
Program Size: Code=3480 RO-data=636 RW-data=0 ZI-data=608  
".\SPI SD Card.axf" - 0 Errors, 2 Warning(s).
Load "C:\\Users\\Taimoor\\Desktop\\SPI FLASH CODE\\SPI CODE\\SPI SD Card.axf" 
Connecting: Mode=JTAG, Speed=1000000Hz
Full Chip Erase Done.
Erase Done.
Programming Done.
Verify OK.
Rebuild target 'Target 1'
assembling startup_TM4C123.s...
compiling gpio.c...
compiling main.c...
compiling spi.c...
compiling uart.c...
compiling sd_card.c...
src\sd_card.c(140): warning:  #550-D: variable "response" was set but never used
src\sd_card.c(142): warning:  #550-D: variable "buffer" was set but never used
linking...
Program Size: Code=3488 RO-data=636 RW-data=0 ZI-data=608  
".\SPI SD Card.axf" - 0 Errors, 2 Warning(s).
Load "C:\\Users\\Taimoor\\Desktop\\SPI FLASH CODE\\SPI CODE\\SPI SD Card.axf" 
Connecting: Mode=JTAG, Speed=1000000Hz
Full Chip Erase Done.
Erase Done.
Programming Done.
Verify OK.
Rebuild target 'Target 1'
assembling startup_TM4C123.s...
compiling gpio.c...
compiling main.c...
compiling spi.c...
compiling uart.c...
compiling sd_card.c...
src\sd_card.c(140): warning:  #550-D: variable "response" was set but never used
src\sd_card.c(142): warning:  #550-D: variable "buffer" was set but never used
src\sd_card.c(266): warning:  #1-D: last line of file ends without a newline
src\sd_card.c(242): warning:  #177-D: variable "i" was declared but never referenced
src\sd_card.c(245): warning:  #177-D: variable "dataBytes" was declared but never referenced
linking...
Program Size: Code=3616 RO-data=636 RW-data=0 ZI-data=608  
".\SPI SD Card.axf" - 0 Errors, 5 Warning(s).
Rebuild target 'Target 1'
assembling startup_TM4C123.s...
compiling gpio.c...
compiling main.c...
compiling spi.c...
compiling uart.c...
compiling sd_card.c...
src\sd_card.c(140): warning:  #550-D: variable "response" was set but never used
src\sd_card.c(142): warning:  #550-D: variable "buffer" was set but never used
src\sd_card.c(249): error:  #20: identifier "string" is undefined
src\sd_card.c(264): warning:  #1-D: last line of file ends without a newline
".\SPI SD Card.axf" - 1 Errors, 3 Warning(s).
Target not created
Rebuild target 'Target 1'
assembling startup_TM4C123.s...
compiling gpio.c...
compiling main.c...
compiling spi.c...
compiling uart.c...
compiling sd_card.c...
src\sd_card.c(140): warning:  #550-D: variable "response" was set but never used
src\sd_card.c(142): warning:  #550-D: variable "buffer" was set but never used
src\sd_card.c(249): error:  #20: identifier "string" is undefined
".\SPI SD Card.axf" - 1 Errors, 2 Warning(s).
Target not created
Rebuild target 'Target 1'
assembling startup_TM4C123.s...
compiling gpio.c...
compiling main.c...
compiling spi.c...
compiling uart.c...
compiling sd_card.c...
src\sd_card.c(140): warning:  #550-D: variable "response" was set but never used
src\sd_card.c(142): warning:  #550-D: variable "buffer" was set but never used
linking...
Program Size: Code=3616 RO-data=636 RW-data=0 ZI-data=608  
".\SPI SD Card.axf" - 0 Errors, 2 Warning(s).
Load "C:\\Users\\Taimoor\\Desktop\\SPI FLASH CODE\\SPI CODE\\SPI SD Card.axf" 
Connecting: Mode=JTAG, Speed=1000000Hz
Full Chip Erase Done.
Erase Done.
Programming Done.
Verify OK.
Rebuild target 'Target 1'
assembling startup_TM4C123.s...
compiling gpio.c...
compiling main.c...
compiling spi.c...
compiling uart.c...
compiling sd_card.c...
src\sd_card.c(140): warning:  #550-D: variable "response" was set but never used
src\sd_card.c(142): warning:  #550-D: variable "buffer" was set but never used
linking...
Program Size: Code=3672 RO-data=636 RW-data=0 ZI-data=608  
".\SPI SD Card.axf" - 0 Errors, 2 Warning(s).
Load "C:\\Users\\Taimoor\\Desktop\\SPI FLASH CODE\\SPI CODE\\SPI SD Card.axf" 
Connecting: Mode=JTAG, Speed=1000000Hz
Full Chip Erase Done.
Erase Done.
Programming Done.
Verify OK.
Rebuild target 'Target 1'
assembling startup_TM4C123.s...
compiling gpio.c...
compiling main.c...
compiling spi.c...
compiling uart.c...
compiling sd_card.c...
src\sd_card.c(140): warning:  #550-D: variable "response" was set but never used
src\sd_card.c(142): warning:  #550-D: variable "buffer" was set but never used
linking...
Program Size: Code=3672 RO-data=636 RW-data=0 ZI-data=608  
".\SPI SD Card.axf" - 0 Errors, 2 Warning(s).
Load "C:\\Users\\Taimoor\\Desktop\\SPI FLASH CODE\\SPI CODE\\SPI SD Card.axf" 
Connecting: Mode=JTAG, Speed=1000000Hz
Full Chip Erase Done.
Erase Done.
Programming Done.
Verify OK.
Rebuild target 'Target 1'
assembling startup_TM4C123.s...
compiling gpio.c...
compiling main.c...
compiling spi.c...
compiling uart.c...
compiling sd_card.c...
src\sd_card.c(151): warning:  #550-D: variable "response" was set but never used
src\sd_card.c(153): warning:  #550-D: variable "buffer" was set but never used
linking...
Program Size: Code=3756 RO-data=636 RW-data=0 ZI-data=608  
".\SPI SD Card.axf" - 0 Errors, 2 Warning(s).
Load "C:\\Users\\Taimoor\\Desktop\\SPI FLASH CODE\\SPI CODE\\SPI SD Card.axf" 
Connecting: Mode=JTAG, Speed=1000000Hz
Full Chip Erase Done.
Erase Done.
Programming Done.
Verify OK.
Rebuild target 'Target 1'
assembling startup_TM4C123.s...
compiling gpio.c...
compiling main.c...
compiling spi.c...
compiling uart.c...
compiling sd_card.c...
src\sd_card.c(140): warning:  #550-D: variable "response" was set but never used
src\sd_card.c(142): warning:  #550-D: variable "buffer" was set but never used
linking...
Program Size: Code=3672 RO-data=636 RW-data=0 ZI-data=608  
".\SPI SD Card.axf" - 0 Errors, 2 Warning(s).
Load "C:\\Users\\Taimoor\\Desktop\\SPI FLASH CODE\\SPI CODE\\SPI SD Card.axf" 
Connecting: Mode=JTAG, Speed=1000000Hz
Full Chip Erase Done.
Erase Done.
Programming Done.
Verify OK.
Rebuild target 'Target 1'
assembling startup_TM4C123.s...
compiling gpio.c...
compiling main.c...
compiling spi.c...
compiling uart.c...
compiling sd_card.c...
src\sd_card.c(151): warning:  #550-D: variable "response" was set but never used
src\sd_card.c(153): warning:  #550-D: variable "buffer" was set but never used
linking...
Program Size: Code=3756 RO-data=636 RW-data=0 ZI-data=608  
".\SPI SD Card.axf" - 0 Errors, 2 Warning(s).
Rebuild target 'Target 1'
assembling startup_TM4C123.s...
compiling gpio.c...
compiling main.c...
compiling spi.c...
compiling uart.c...
compiling sd_card.c...
src\sd_card.c(153): warning:  #550-D: variable "response" was set but never used
src\sd_card.c(155): warning:  #550-D: variable "buffer" was set but never used
linking...
Program Size: Code=3764 RO-data=636 RW-data=0 ZI-data=608  
".\SPI SD Card.axf" - 0 Errors, 2 Warning(s).
Load "C:\\Users\\Taimoor\\Desktop\\SPI FLASH CODE\\SPI CODE\\SPI SD Card.axf" 
Connecting: Mode=JTAG, Speed=1000000Hz
Full Chip Erase Done.
Erase Done.
Programming Done.
Verify OK.
Build target 'Target 1'
compiling sd_card.c...
src\sd_card.c(153): warning:  #550-D: variable "response" was set but never used
src\sd_card.c(155): warning:  #550-D: variable "buffer" was set but never used
linking...
Program Size: Code=3756 RO-data=636 RW-data=0 ZI-data=608  
".\SPI SD Card.axf" - 0 Errors, 2 Warning(s).
Rebuild target 'Target 1'
assembling startup_TM4C123.s...
compiling gpio.c...
compiling main.c...
compiling spi.c...
compiling uart.c...
compiling sd_card.c...
src\sd_card.c(153): warning:  #550-D: variable "response" was set but never used
src\sd_card.c(155): warning:  #550-D: variable "buffer" was set but never used
linking...
Program Size: Code=3756 RO-data=636 RW-data=0 ZI-data=608  
".\SPI SD Card.axf" - 0 Errors, 2 Warning(s).
Load "C:\\Users\\Taimoor\\Desktop\\SPI FLASH CODE\\SPI CODE\\SPI SD Card.axf" 
Connecting: Mode=JTAG, Speed=1000000Hz
Full Chip Erase Done.
Erase Done.
Programming Done.
Verify OK.
Rebuild target 'Target 1'
assembling startup_TM4C123.s...
compiling gpio.c...
compiling main.c...
compiling spi.c...
compiling uart.c...
compiling sd_card.c...
src\sd_card.c(156): warning:  #550-D: variable "response" was set but never used
src\sd_card.c(158): warning:  #550-D: variable "buffer" was set but never used
linking...
Program Size: Code=3776 RO-data=636 RW-data=0 ZI-data=608  
".\SPI SD Card.axf" - 0 Errors, 2 Warning(s).
Load "C:\\Users\\Taimoor\\Desktop\\SPI FLASH CODE\\SPI CODE\\SPI SD Card.axf" 
Connecting: Mode=JTAG, Speed=1000000Hz
Full Chip Erase Done.
Erase Done.
Programming Done.
Verify OK.
Rebuild target 'Target 1'
assembling startup_TM4C123.s...
compiling gpio.c...
compiling main.c...
compiling spi.c...
compiling uart.c...
compiling sd_card.c...
src\sd_card.c(156): warning:  #550-D: variable "response" was set but never used
src\sd_card.c(158): warning:  #550-D: variable "buffer" was set but never used
linking...
Program Size: Code=3776 RO-data=636 RW-data=0 ZI-data=608  
".\SPI SD Card.axf" - 0 Errors, 2 Warning(s).
Load "C:\\Users\\Taimoor\\Desktop\\SPI FLASH CODE\\SPI CODE\\SPI SD Card.axf" 
Connecting: Mode=JTAG, Speed=1000000Hz
Full Chip Erase Done.
Erase Done.
Programming Done.
Verify OK.
Rebuild target 'Target 1'
assembling startup_TM4C123.s...
compiling gpio.c...
compiling main.c...
compiling spi.c...
compiling uart.c...
compiling sd_card.c...
src\sd_card.c(158): warning:  #550-D: variable "response" was set but never used
src\sd_card.c(160): warning:  #550-D: variable "buffer" was set but never used
linking...
Program Size: Code=3792 RO-data=636 RW-data=0 ZI-data=608  
".\SPI SD Card.axf" - 0 Errors, 2 Warning(s).
Load "C:\\Users\\Taimoor\\Desktop\\SPI FLASH CODE\\SPI CODE\\SPI SD Card.axf" 
Connecting: Mode=JTAG, Speed=1000000Hz
Full Chip Erase Done.
Erase Done.
Programming Done.
Verify OK.
Rebuild target 'Target 1'
assembling startup_TM4C123.s...
compiling gpio.c...
compiling main.c...
compiling spi.c...
compiling uart.c...
compiling sd_card.c...
src\sd_card.c(160): warning:  #550-D: variable "response" was set but never used
src\sd_card.c(162): warning:  #550-D: variable "buffer" was set but never used
linking...
Program Size: Code=3800 RO-data=636 RW-data=0 ZI-data=608  
".\SPI SD Card.axf" - 0 Errors, 2 Warning(s).
Load "C:\\Users\\Taimoor\\Desktop\\SPI FLASH CODE\\SPI CODE\\SPI SD Card.axf" 
Connecting: Mode=JTAG, Speed=1000000Hz
Full Chip Erase Done.
Erase Done.
Programming Done.
Verify OK.
Rebuild target 'Target 1'
assembling startup_TM4C123.s...
compiling gpio.c...
compiling main.c...
compiling spi.c...
compiling uart.c...
compiling sd_card.c...
src\sd_card.c(160): warning:  #550-D: variable "response" was set but never used
src\sd_card.c(162): warning:  #550-D: variable "buffer" was set but never used
linking...
Program Size: Code=3804 RO-data=636 RW-data=0 ZI-data=608  
".\SPI SD Card.axf" - 0 Errors, 2 Warning(s).
Load "C:\\Users\\Taimoor\\Desktop\\SPI FLASH CODE\\SPI CODE\\SPI SD Card.axf" 
Connecting: Mode=JTAG, Speed=1000000Hz
Full Chip Erase Done.
Erase Done.
Programming Done.
Verify OK.
Rebuild target 'Target 1'
assembling startup_TM4C123.s...
compiling gpio.c...
compiling main.c...
compiling spi.c...
compiling uart.c...
compiling sd_card.c...
src\sd_card.c(160): warning:  #550-D: variable "response" was set but never used
src\sd_card.c(162): warning:  #550-D: variable "buffer" was set but never used
linking...
Program Size: Code=3808 RO-data=636 RW-data=0 ZI-data=608  
".\SPI SD Card.axf" - 0 Errors, 2 Warning(s).
Load "C:\\Users\\Taimoor\\Desktop\\SPI FLASH CODE\\SPI CODE\\SPI SD Card.axf" 
Connecting: Mode=JTAG, Speed=1000000Hz
Full Chip Erase Done.
Erase Done.
Programming Done.
Verify OK.
Rebuild target 'Target 1'
assembling startup_TM4C123.s...
compiling gpio.c...
compiling main.c...
compiling spi.c...
compiling uart.c...
compiling sd_card.c...
src\sd_card.c(160): warning:  #550-D: variable "response" was set but never used
src\sd_card.c(162): warning:  #550-D: variable "buffer" was set but never used
linking...
Program Size: Code=3804 RO-data=636 RW-data=0 ZI-data=608  
".\SPI SD Card.axf" - 0 Errors, 2 Warning(s).
Load "C:\\Users\\Taimoor\\Desktop\\SPI FLASH CODE\\SPI CODE\\SPI SD Card.axf" 
Connecting: Mode=JTAG, Speed=1000000Hz
Full Chip Erase Done.
Erase Done.
Programming Done.
Verify OK.
Rebuild target 'Target 1'
assembling startup_TM4C123.s...
compiling gpio.c...
compiling main.c...
compiling spi.c...
compiling uart.c...
compiling sd_card.c...
src\sd_card.c(160): warning:  #550-D: variable "response" was set but never used
src\sd_card.c(162): warning:  #550-D: variable "buffer" was set but never used
linking...
Program Size: Code=3800 RO-data=636 RW-data=0 ZI-data=608  
".\SPI SD Card.axf" - 0 Errors, 2 Warning(s).
Load "C:\\Users\\Taimoor\\Desktop\\SPI FLASH CODE\\SPI CODE\\SPI SD Card.axf" 
Connecting: Mode=JTAG, Speed=1000000Hz
Full Chip Erase Done.
Erase Done.
Programming Done.
Verify OK.
Rebuild target 'Target 1'
assembling startup_TM4C123.s...
compiling gpio.c...
compiling main.c...
compiling spi.c...
compiling uart.c...
compiling sd_card.c...
src\sd_card.c(160): warning:  #550-D: variable "response" was set but never used
src\sd_card.c(162): warning:  #550-D: variable "buffer" was set but never used
linking...
Program Size: Code=3876 RO-data=636 RW-data=0 ZI-data=608  
".\SPI SD Card.axf" - 0 Errors, 2 Warning(s).
Load "C:\\Users\\Taimoor\\Desktop\\SPI FLASH CODE\\SPI CODE\\SPI SD Card.axf" 
Connecting: Mode=JTAG, Speed=1000000Hz
Full Chip Erase Done.
Erase Done.
Programming Done.
Verify OK.
Rebuild target 'Target 1'
assembling startup_TM4C123.s...
compiling gpio.c...
compiling main.c...
compiling spi.c...
compiling uart.c...
compiling sd_card.c...
src\sd_card.c(160): warning:  #550-D: variable "response" was set but never used
src\sd_card.c(162): warning:  #550-D: variable "buffer" was set but never used
linking...
Program Size: Code=3876 RO-data=636 RW-data=0 ZI-data=608  
".\SPI SD Card.axf" - 0 Errors, 2 Warning(s).
Load "C:\\Users\\Taimoor\\Desktop\\SPI FLASH CODE\\SPI CODE\\SPI SD Card.axf" 
Connecting: Mode=JTAG, Speed=1000000Hz
Full Chip Erase Done.
Erase Done.
Programming Done.
Verify OK.
Rebuild target 'Target 1'
assembling startup_TM4C123.s...
compiling gpio.c...
compiling main.c...
compiling spi.c...
compiling uart.c...
compiling sd_card.c...
src\sd_card.c(131): warning:  #550-D: variable "response" was set but never used
src\sd_card.c(133): warning:  #550-D: variable "buffer" was set but never used
linking...
Program Size: Code=3712 RO-data=636 RW-data=0 ZI-data=608  
".\SPI SD Card.axf" - 0 Errors, 2 Warning(s).
Load "C:\\Users\\Taimoor\\Desktop\\SPI FLASH CODE\\SPI CODE\\SPI SD Card.axf" 
Connecting: Mode=JTAG, Speed=1000000Hz
Connection failed!, error code=&d
Rebuild target 'Target 1'
assembling startup_TM4C123.s...
compiling gpio.c...
compiling main.c...
compiling spi.c...
compiling uart.c...
compiling sd_card.c...
src\sd_card.c(131): warning:  #550-D: variable "response" was set but never used
src\sd_card.c(133): warning:  #550-D: variable "buffer" was set but never used
linking...
Program Size: Code=3712 RO-data=636 RW-data=0 ZI-data=608  
".\SPI SD Card.axf" - 0 Errors, 2 Warning(s).
Load "C:\\Users\\Taimoor\\Desktop\\SPI FLASH CODE\\SPI CODE\\SPI SD Card.axf" 
Connecting: Mode=JTAG, Speed=1000000Hz
Full Chip Erase Done.
Erase Done.
Programming Done.
Verify OK.
Rebuild target 'Target 1'
assembling startup_TM4C123.s...
compiling gpio.c...
compiling main.c...
compiling spi.c...
compiling uart.c...
compiling sd_card.c...
src\sd_card.c(128): warning:  #550-D: variable "response" was set but never used
src\sd_card.c(130): warning:  #550-D: variable "buffer" was set but never used
linking...
Program Size: Code=3688 RO-data=636 RW-data=0 ZI-data=608  
".\SPI SD Card.axf" - 0 Errors, 2 Warning(s).
Load "C:\\Users\\Taimoor\\Desktop\\SPI FLASH CODE\\SPI CODE\\SPI SD Card.axf" 
Connecting: Mode=JTAG, Speed=1000000Hz
Full Chip Erase Done.
Erase Done.
Programming Done.
Verify OK.
Rebuild target 'Target 1'
assembling startup_TM4C123.s...
compiling gpio.c...
compiling main.c...
src\../include/sd_card.h(10): warning:  #1-D: last line of file ends without a newline
compiling spi.c...
compiling uart.c...
compiling sd_card.c...
src\../include/sd_card.h(10): warning:  #1-D: last line of file ends without a newline
src\sd_card.c(82): error:  #165: too few arguments in function call
src\sd_card.c(131): warning:  #550-D: variable "response" was set but never used
src\sd_card.c(133): warning:  #550-D: variable "buffer" was set but never used
".\SPI SD Card.axf" - 1 Errors, 4 Warning(s).
Target not created
Rebuild target 'Target 1'
assembling startup_TM4C123.s...
compiling gpio.c...
compiling main.c...
src\../include/sd_card.h(10): warning:  #1-D: last line of file ends without a newline
compiling spi.c...
compiling uart.c...
compiling sd_card.c...
src\../include/sd_card.h(10): warning:  #1-D: last line of file ends without a newline
src\sd_card.c(131): warning:  #550-D: variable "response" was set but never used
src\sd_card.c(133): warning:  #550-D: variable "buffer" was set but never used
linking...
Program Size: Code=3692 RO-data=636 RW-data=0 ZI-data=608  
".\SPI SD Card.axf" - 0 Errors, 4 Warning(s).
Load "C:\\Users\\Taimoor\\Desktop\\SPI FLASH CODE\\SPI CODE\\SPI SD Card.axf" 
Connecting: Mode=JTAG, Speed=1000000Hz
Full Chip Erase Done.
Erase Done.
Programming Done.
Verify OK.
Rebuild target 'Target 1'
assembling startup_TM4C123.s...
compiling gpio.c...
compiling main.c...
src\../include/sd_card.h(10): warning:  #1-D: last line of file ends without a newline
compiling spi.c...
compiling uart.c...
compiling sd_card.c...
src\../include/sd_card.h(10): warning:  #1-D: last line of file ends without a newline
src\sd_card.c(132): warning:  #550-D: variable "response" was set but never used
src\sd_card.c(134): warning:  #550-D: variable "buffer" was set but never used
linking...
Program Size: Code=3696 RO-data=636 RW-data=0 ZI-data=608  
".\SPI SD Card.axf" - 0 Errors, 4 Warning(s).
Load "C:\\Users\\Taimoor\\Desktop\\SPI FLASH CODE\\SPI CODE\\SPI SD Card.axf" 
Connecting: Mode=JTAG, Speed=1000000Hz
Full Chip Erase Done.
Erase Done.
Programming Done.
Verify OK.
Build target 'Target 1'
compiling main.c...
src\../include/sd_card.h(10): warning:  #1-D: last line of file ends without a newline
src\main.c(32): error:  #20: identifier "nop" is undefined
compiling spi.c...
compiling sd_card.c...
src\../include/sd_card.h(10): warning:  #1-D: last line of file ends without a newline
src\sd_card.c(130): warning:  #550-D: variable "response" was set but never used
src\sd_card.c(132): warning:  #550-D: variable "buffer" was set but never used
".\SPI SD Card.axf" - 1 Errors, 4 Warning(s).
Target not created
Rebuild target 'Target 1'
assembling startup_TM4C123.s...
compiling gpio.c...
compiling main.c...
src\../include/sd_card.h(10): warning:  #1-D: last line of file ends without a newline
compiling spi.c...
compiling uart.c...
compiling sd_card.c...
src\../include/sd_card.h(10): warning:  #1-D: last line of file ends without a newline
src\sd_card.c(133): warning:  #550-D: variable "response" was set but never used
src\sd_card.c(135): warning:  #550-D: variable "buffer" was set but never used
linking...
Program Size: Code=3696 RO-data=636 RW-data=0 ZI-data=608  
".\SPI SD Card.axf" - 0 Errors, 4 Warning(s).
Load "C:\\Users\\Taimoor\\Desktop\\SPI FLASH CODE\\SPI CODE\\SPI SD Card.axf" 
Connecting: Mode=JTAG, Speed=1000000Hz
Full Chip Erase Done.
Erase Done.
Programming Done.
Verify OK.
Rebuild target 'Target 1'
assembling startup_TM4C123.s...
compiling gpio.c...
compiling main.c...
src\../include/sd_card.h(10): warning:  #1-D: last line of file ends without a newline
compiling spi.c...
compiling uart.c...
compiling sd_card.c...
src\../include/sd_card.h(10): warning:  #1-D: last line of file ends without a newline
src\sd_card.c(130): warning:  #550-D: variable "response" was set but never used
src\sd_card.c(132): warning:  #550-D: variable "buffer" was set but never used
linking...
Program Size: Code=3692 RO-data=636 RW-data=0 ZI-data=608  
".\SPI SD Card.axf" - 0 Errors, 4 Warning(s).
Load "C:\\Users\\Taimoor\\Desktop\\SPI FLASH CODE\\SPI CODE\\SPI SD Card.axf" 
Connecting: Mode=JTAG, Speed=1000000Hz
Full Chip Erase Done.
Erase Done.
Programming Done.
Verify OK.
Rebuild target 'Target 1'
assembling startup_TM4C123.s...
compiling gpio.c...
compiling main.c...
src\../include/sd_card.h(10): warning:  #1-D: last line of file ends without a newline
compiling spi.c...
compiling uart.c...
compiling sd_card.c...
src\../include/sd_card.h(10): warning:  #1-D: last line of file ends without a newline
src\sd_card.c(134): warning:  #550-D: variable "response" was set but never used
src\sd_card.c(136): warning:  #550-D: variable "buffer" was set but never used
linking...
Program Size: Code=3696 RO-data=636 RW-data=0 ZI-data=608  
".\SPI SD Card.axf" - 0 Errors, 4 Warning(s).
Load "C:\\Users\\Taimoor\\Desktop\\SPI FLASH CODE\\SPI CODE\\SPI SD Card.axf" 
Connecting: Mode=JTAG, Speed=1000000Hz
Full Chip Erase Done.
Erase Done.
Programming Done.
Verify OK.
Rebuild target 'Target 1'
assembling startup_TM4C123.s...
compiling gpio.c...
compiling main.c...
src\../include/sd_card.h(10): warning:  #1-D: last line of file ends without a newline
compiling spi.c...
compiling uart.c...
compiling sd_card.c...
src\../include/sd_card.h(10): warning:  #1-D: last line of file ends without a newline
src\sd_card.c(130): warning:  #550-D: variable "response" was set but never used
src\sd_card.c(132): warning:  #550-D: variable "buffer" was set but never used
linking...
Program Size: Code=3688 RO-data=636 RW-data=0 ZI-data=608  
".\SPI SD Card.axf" - 0 Errors, 4 Warning(s).
Load "C:\\Users\\Taimoor\\Desktop\\SPI FLASH CODE\\SPI CODE\\SPI SD Card.axf" 
Connecting: Mode=JTAG, Speed=1000000Hz
Full Chip Erase Done.
Erase Done.
Programming Done.
Verify OK.
Rebuild target 'Target 1'
assembling startup_TM4C123.s...
compiling gpio.c...
compiling main.c...
src\../include/sd_card.h(10): warning:  #1-D: last line of file ends without a newline
compiling spi.c...
compiling uart.c...
compiling sd_card.c...
src\../include/sd_card.h(10): warning:  #1-D: last line of file ends without a newline
src\sd_card.c(132): warning:  #550-D: variable "response" was set but never used
src\sd_card.c(134): warning:  #550-D: variable "buffer" was set but never used
linking...
Program Size: Code=3700 RO-data=636 RW-data=0 ZI-data=608  
".\SPI SD Card.axf" - 0 Errors, 4 Warning(s).
Load "C:\\Users\\Taimoor\\Desktop\\SPI FLASH CODE\\SPI CODE\\SPI SD Card.axf" 
Connecting: Mode=JTAG, Speed=1000000Hz
Full Chip Erase Done.
Erase Done.
Programming Done.
Verify OK.
Rebuild target 'Target 1'
assembling startup_TM4C123.s...
compiling gpio.c...
compiling main.c...
src\../include/sd_card.h(10): warning:  #1-D: last line of file ends without a newline
compiling spi.c...
compiling uart.c...
compiling sd_card.c...
src\../include/sd_card.h(10): warning:  #1-D: last line of file ends without a newline
src\sd_card.c(133): warning:  #550-D: variable "response" was set but never used
src\sd_card.c(135): warning:  #550-D: variable "buffer" was set but never used
linking...
Program Size: Code=3704 RO-data=636 RW-data=0 ZI-data=608  
".\SPI SD Card.axf" - 0 Errors, 4 Warning(s).
Load "C:\\Users\\Taimoor\\Desktop\\SPI FLASH CODE\\SPI CODE\\SPI SD Card.axf" 
Connecting: Mode=JTAG, Speed=1000000Hz
Full Chip Erase Done.
Erase Done.
Programming Done.
Verify OK.
Rebuild target 'Target 1'
assembling startup_TM4C123.s...
compiling gpio.c...
compiling main.c...
src\../include/sd_card.h(10): warning:  #1-D: last line of file ends without a newline
compiling spi.c...
compiling uart.c...
compiling sd_card.c...
src\../include/sd_card.h(10): warning:  #1-D: last line of file ends without a newline
src\sd_card.c(134): warning:  #550-D: variable "response" was set but never used
src\sd_card.c(136): warning:  #550-D: variable "buffer" was set but never used
linking...
Program Size: Code=3708 RO-data=636 RW-data=0 ZI-data=608  
".\SPI SD Card.axf" - 0 Errors, 4 Warning(s).
Load "C:\\Users\\Taimoor\\Desktop\\SPI FLASH CODE\\SPI CODE\\SPI SD Card.axf" 
Connecting: Mode=JTAG, Speed=1000000Hz
Full Chip Erase Done.
Erase Done.
Programming Done.
Verify OK.
Rebuild target 'Target 1'
assembling startup_TM4C123.s...
compiling gpio.c...
compiling main.c...
src\../include/sd_card.h(10): warning:  #1-D: last line of file ends without a newline
compiling spi.c...
compiling uart.c...
compiling sd_card.c...
src\../include/sd_card.h(10): warning:  #1-D: last line of file ends without a newline
src\sd_card.c(132): warning:  #550-D: variable "response" was set but never used
src\sd_card.c(134): warning:  #550-D: variable "buffer" was set but never used
linking...
Program Size: Code=3700 RO-data=636 RW-data=0 ZI-data=608  
".\SPI SD Card.axf" - 0 Errors, 4 Warning(s).
Load "C:\\Users\\Taimoor\\Desktop\\SPI FLASH CODE\\SPI CODE\\SPI SD Card.axf" 
Connecting: Mode=JTAG, Speed=1000000Hz
Full Chip Erase Done.
Erase Done.
Programming Done.
Verify OK.
Rebuild target 'Target 1'
assembling startup_TM4C123.s...
compiling gpio.c...
compiling main.c...
src\../include/sd_card.h(10): warning:  #1-D: last line of file ends without a newline
compiling spi.c...
compiling uart.c...
compiling sd_card.c...
src\../include/sd_card.h(10): warning:  #1-D: last line of file ends without a newline
src\sd_card.c(133): warning:  #550-D: variable "response" was set but never used
src\sd_card.c(135): warning:  #550-D: variable "buffer" was set but never used
linking...
Program Size: Code=3716 RO-data=636 RW-data=0 ZI-data=608  
".\SPI SD Card.axf" - 0 Errors, 4 Warning(s).
Load "C:\\Users\\Taimoor\\Desktop\\SPI FLASH CODE\\SPI CODE\\SPI SD Card.axf" 
Connecting: Mode=JTAG, Speed=1000000Hz
Full Chip Erase Done.
Erase Done.
Programming Done.
Verify OK.
Build target 'Target 1'
compiling main.c...
src\../include/sd_card.h(10): warning:  #1-D: last line of file ends without a newline
src\main.c(16): error:  #5: cannot open source input file "driverlib/sysctl.h": No such file or directory
compiling sd_card.c...
src\../include/sd_card.h(10): warning:  #1-D: last line of file ends without a newline
src\sd_card.c(132): warning:  #550-D: variable "response" was set but never used
src\sd_card.c(134): warning:  #550-D: variable "buffer" was set but never used
".\SPI SD Card.axf" - 1 Errors, 4 Warning(s).
Target not created
Build target 'Target 1'
compiling main.c...
src\../include/sd_card.h(10): warning:  #1-D: last line of file ends without a newline
src\main.c(16): error:  #5: cannot open source input file "sysctl.h": No such file or directory
".\SPI SD Card.axf" - 1 Errors, 1 Warning(s).
Target not created
Build target 'Target 1'
compiling main.c...
src\../include/sd_card.h(10): warning:  #1-D: last line of file ends without a newline
src\main.c(16): error:  #5: cannot open source input file "sysctl.h": No such file or directory
compiling sd_card.c...
src\../include/sd_card.h(10): warning:  #1-D: last line of file ends without a newline
src\sd_card.c(133): warning:  #550-D: variable "response" was set but never used
src\sd_card.c(135): warning:  #550-D: variable "buffer" was set but never used
".\SPI SD Card.axf" - 1 Errors, 4 Warning(s).
Target not created
Build target 'Target 1'
compiling main.c...
src\../include/sd_card.h(10): warning:  #1-D: last line of file ends without a newline
linking...
Program Size: Code=3700 RO-data=636 RW-data=0 ZI-data=608  
".\SPI SD Card.axf" - 0 Errors, 1 Warning(s).
Rebuild target 'Target 1'
assembling startup_TM4C123.s...
compiling gpio.c...
compiling main.c...
src\../include/sd_card.h(10): warning:  #1-D: last line of file ends without a newline
compiling spi.c...
compiling uart.c...
compiling sd_card.c...
src\../include/sd_card.h(10): warning:  #1-D: last line of file ends without a newline
src\sd_card.c(133): warning:  #550-D: variable "response" was set but never used
src\sd_card.c(135): warning:  #550-D: variable "buffer" was set but never used
linking...
Program Size: Code=4164 RO-data=652 RW-data=4 ZI-data=612  
".\SPI SD Card.axf" - 0 Errors, 4 Warning(s).
Load "C:\\Users\\Taimoor\\Desktop\\SPI FLASH CODE\\SPI CODE\\SPI SD Card.axf" 
Connecting: Mode=JTAG, Speed=1000000Hz
Full Chip Erase Done.
Erase Done.
Programming Done.
Verify OK.
Rebuild target 'Target 1'
assembling startup_TM4C123.s...
compiling gpio.c...
compiling main.c...
src\../include/sd_card.h(10): warning:  #1-D: last line of file ends without a newline
compiling spi.c...
compiling uart.c...
compiling sd_card.c...
src\../include/sd_card.h(10): warning:  #1-D: last line of file ends without a newline
src\sd_card.c(133): warning:  #550-D: variable "response" was set but never used
src\sd_card.c(135): warning:  #550-D: variable "buffer" was set but never used
linking...
Program Size: Code=4172 RO-data=652 RW-data=4 ZI-data=612  
".\SPI SD Card.axf" - 0 Errors, 4 Warning(s).
Load "C:\\Users\\Taimoor\\Desktop\\SPI FLASH CODE\\SPI CODE\\SPI SD Card.axf" 
Connecting: Mode=JTAG, Speed=1000000Hz
Full Chip Erase Done.
Erase Done.
Programming Done.
Verify OK.
Rebuild target 'Target 1'
assembling startup_TM4C123.s...
compiling gpio.c...
compiling main.c...
src\../include/sd_card.h(10): warning:  #1-D: last line of file ends without a newline
compiling spi.c...
compiling uart.c...
compiling sd_card.c...
src\../include/sd_card.h(10): warning:  #1-D: last line of file ends without a newline
src\sd_card.c(133): warning:  #550-D: variable "response" was set but never used
src\sd_card.c(135): warning:  #550-D: variable "buffer" was set but never used
linking...
Program Size: Code=4172 RO-data=652 RW-data=4 ZI-data=612  
".\SPI SD Card.axf" - 0 Errors, 4 Warning(s).
Load "C:\\Users\\Taimoor\\Desktop\\SPI FLASH CODE\\SPI CODE\\SPI SD Card.axf" 
Connecting: Mode=JTAG, Speed=1000000Hz
Full Chip Erase Done.
Erase Done.
Programming Done.
Verify OK.
Rebuild target 'Target 1'
assembling startup_TM4C123.s...
compiling gpio.c...
compiling main.c...
src\../include/sd_card.h(10): warning:  #1-D: last line of file ends without a newline
compiling spi.c...
compiling uart.c...
compiling sd_card.c...
src\../include/sd_card.h(10): warning:  #1-D: last line of file ends without a newline
src\sd_card.c(133): warning:  #550-D: variable "response" was set but never used
src\sd_card.c(135): warning:  #550-D: variable "buffer" was set but never used
linking...
Program Size: Code=4172 RO-data=652 RW-data=4 ZI-data=612  
".\SPI SD Card.axf" - 0 Errors, 4 Warning(s).
Load "C:\\Users\\Taimoor\\Desktop\\SPI FLASH CODE\\SPI CODE\\SPI SD Card.axf" 
Connecting: Mode=JTAG, Speed=1000000Hz
Full Chip Erase Done.
Erase Done.
Programming Done.
Verify OK.
Build target 'Target 1'
linking...
Program Size: Code=4172 RO-data=652 RW-data=4 ZI-data=612  
".\SPI SD Card.axf" - 0 Errors, 0 Warning(s).
Build target 'Target 1'
linking...
Program Size: Code=4172 RO-data=652 RW-data=4 ZI-data=612  
".\SPI SD Card.axf" - 0 Errors, 0 Warning(s).
Rebuild target 'Target 1'
assembling startup_TM4C123.s...
compiling gpio.c...
compiling main.c...
src\../include/sd_card.h(10): warning:  #1-D: last line of file ends without a newline
compiling spi.c...
compiling uart.c...
compiling sd_card.c...
src\../include/sd_card.h(10): warning:  #1-D: last line of file ends without a newline
src\sd_card.c(133): warning:  #550-D: variable "response" was set but never used
src\sd_card.c(135): warning:  #550-D: variable "buffer" was set but never used
linking...
Program Size: Code=4172 RO-data=652 RW-data=4 ZI-data=612  
".\SPI SD Card.axf" - 0 Errors, 4 Warning(s).
Load "C:\\Users\\Taimoor\\Desktop\\SPI FLASH CODE\\SPI CODE\\SPI SD Card.axf" 
Connecting: Mode=JTAG, Speed=1000000Hz
Full Chip Erase Done.
Erase Done.
Programming Done.
Verify OK.
Rebuild target 'Target 1'
assembling startup_TM4C123.s...
compiling gpio.c...
compiling main.c...
src\../include/sd_card.h(10): warning:  #1-D: last line of file ends without a newline
compiling spi.c...
compiling uart.c...
compiling sd_card.c...
src\../include/sd_card.h(10): warning:  #1-D: last line of file ends without a newline
src\sd_card.c(111): error:  #165: too few arguments in function call
src\sd_card.c(112): error:  #165: too few arguments in function call
src\sd_card.c(133): warning:  #550-D: variable "response" was set but never used
src\sd_card.c(135): warning:  #550-D: variable "buffer" was set but never used
".\SPI SD Card.axf" - 2 Errors, 4 Warning(s).
Target not created
Load "C:\\Users\\Taimoor\\Desktop\\SPI FLASH CODE\\SPI CODE\\SPI SD Card.axf" 
Connecting: Mode=JTAG, Speed=1000000Hz
Full Chip Erase Done.
Erase Done.
Programming Done.
Verify OK.
Rebuild target 'Target 1'
assembling startup_TM4C123.s...
compiling gpio.c...
compiling main.c...
src\../include/sd_card.h(10): warning:  #1-D: last line of file ends without a newline
compiling spi.c...
compiling uart.c...
compiling sd_card.c...
src\../include/sd_card.h(10): warning:  #1-D: last line of file ends without a newline
src\sd_card.c(131): warning:  #550-D: variable "response" was set but never used
src\sd_card.c(133): warning:  #550-D: variable "buffer" was set but never used
linking...
Program Size: Code=3764 RO-data=652 RW-data=4 ZI-data=612  
".\SPI SD Card.axf" - 0 Errors, 4 Warning(s).
Load "C:\\Users\\Taimoor\\Desktop\\SPI FLASH CODE\\SPI CODE\\SPI SD Card.axf" 
Connecting: Mode=JTAG, Speed=1000000Hz
Full Chip Erase Done.
Erase Done.
Programming Done.
Verify OK.
Rebuild target 'Target 1'
assembling startup_TM4C123.s...
compiling gpio.c...
compiling main.c...
src\../include/sd_card.h(10): warning:  #1-D: last line of file ends without a newline
compiling spi.c...
compiling uart.c...
compiling sd_card.c...
src\../include/sd_card.h(10): warning:  #1-D: last line of file ends without a newline
src\sd_card.c(130): warning:  #550-D: variable "response" was set but never used
src\sd_card.c(132): warning:  #550-D: variable "buffer" was set but never used
linking...
Program Size: Code=3688 RO-data=636 RW-data=0 ZI-data=608  
".\SPI SD Card.axf" - 0 Errors, 4 Warning(s).
Load "C:\\Users\\Taimoor\\Desktop\\SPI FLASH CODE\\SPI CODE\\SPI SD Card.axf" 
Connecting: Mode=JTAG, Speed=1000000Hz
Full Chip Erase Done.
Erase Done.
Programming Done.
Verify OK.
Rebuild target 'Target 1'
assembling startup_TM4C123.s...
compiling gpio.c...
compiling main.c...
src\../include/sd_card.h(11): warning:  #1-D: last line of file ends without a newline
compiling spi.c...
compiling uart.c...
compiling sd_card.c...
src\../include/sd_card.h(11): warning:  #1-D: last line of file ends without a newline
src\sd_card.c(111): warning:  #223-D: function "delau" declared implicitly
src\sd_card.c(132): warning:  #550-D: variable "response" was set but never used
src\sd_card.c(134): warning:  #550-D: variable "buffer" was set but never used
linking...
.\SPI SD Card.axf: Error: L6218E: Undefined symbol delau (referred from sd_card.o).
".\SPI SD Card.axf" - 1 Errors, 5 Warning(s).
Target not created
Load "C:\\Users\\Taimoor\\Desktop\\SPI FLASH CODE\\SPI CODE\\SPI SD Card.axf" 
_____^
*** error 56: cannot open file
Rebuild target 'Target 1'
assembling startup_TM4C123.s...
compiling gpio.c...
compiling main.c...
src\../include/sd_card.h(11): warning:  #1-D: last line of file ends without a newline
compiling spi.c...
compiling uart.c...
compiling sd_card.c...
src\../include/sd_card.h(11): warning:  #1-D: last line of file ends without a newline
src\sd_card.c(132): warning:  #550-D: variable "response" was set but never used
src\sd_card.c(134): warning:  #550-D: variable "buffer" was set but never used
linking...
Program Size: Code=3720 RO-data=636 RW-data=0 ZI-data=608  
".\SPI SD Card.axf" - 0 Errors, 4 Warning(s).
Load "C:\\Users\\Taimoor\\Desktop\\SPI FLASH CODE\\SPI CODE\\SPI SD Card.axf" 
Connecting: Mode=JTAG, Speed=1000000Hz
Full Chip Erase Done.
Erase Done.
Programming Done.
Verify OK.
Rebuild target 'Target 1'
assembling startup_TM4C123.s...
compiling gpio.c...
compiling main.c...
src\../include/sd_card.h(11): warning:  #1-D: last line of file ends without a newline
compiling spi.c...
compiling uart.c...
compiling sd_card.c...
src\../include/sd_card.h(11): warning:  #1-D: last line of file ends without a newline
src\sd_card.c(133): warning:  #550-D: variable "response" was set but never used
src\sd_card.c(135): warning:  #550-D: variable "buffer" was set but never used
linking...
Program Size: Code=3728 RO-data=636 RW-data=0 ZI-data=608  
".\SPI SD Card.axf" - 0 Errors, 4 Warning(s).
Load "C:\\Users\\Taimoor\\Desktop\\SPI FLASH CODE\\SPI CODE\\SPI SD Card.axf" 
Connecting: Mode=JTAG, Speed=1000000Hz
Full Chip Erase Done.
Erase Done.
Programming Done.
Verify OK.
Rebuild target 'Target 1'
assembling startup_TM4C123.s...
compiling gpio.c...
compiling main.c...
src\../include/sd_card.h(11): warning:  #1-D: last line of file ends without a newline
compiling spi.c...
compiling uart.c...
compiling sd_card.c...
src\../include/sd_card.h(11): warning:  #1-D: last line of file ends without a newline
src\sd_card.c(133): warning:  #550-D: variable "response" was set but never used
src\sd_card.c(135): warning:  #550-D: variable "buffer" was set but never used
linking...
Program Size: Code=3724 RO-data=636 RW-data=0 ZI-data=608  
".\SPI SD Card.axf" - 0 Errors, 4 Warning(s).
Load "C:\\Users\\Taimoor\\Desktop\\SPI FLASH CODE\\SPI CODE\\SPI SD Card.axf" 
Connecting: Mode=JTAG, Speed=1000000Hz
Full Chip Erase Done.
Erase Done.
Programming Done.
Verify OK.
Rebuild target 'Target 1'
assembling startup_TM4C123.s...
compiling gpio.c...
compiling main.c...
src\../include/sd_card.h(11): warning:  #1-D: last line of file ends without a newline
compiling spi.c...
compiling uart.c...
compiling sd_card.c...
src\../include/sd_card.h(11): warning:  #1-D: last line of file ends without a newline
src\sd_card.c(134): warning:  #550-D: variable "response" was set but never used
src\sd_card.c(136): warning:  #550-D: variable "buffer" was set but never used
linking...
Program Size: Code=3728 RO-data=636 RW-data=0 ZI-data=608  
".\SPI SD Card.axf" - 0 Errors, 4 Warning(s).
Load "C:\\Users\\Taimoor\\Desktop\\SPI FLASH CODE\\SPI CODE\\SPI SD Card.axf" 
Connecting: Mode=JTAG, Speed=1000000Hz
Full Chip Erase Done.
Erase Done.
Programming Done.
Verify OK.
Rebuild target 'Target 1'
assembling startup_TM4C123.s...
compiling gpio.c...
compiling main.c...
src\../include/sd_card.h(11): warning:  #1-D: last line of file ends without a newline
compiling spi.c...
compiling uart.c...
compiling sd_card.c...
src\../include/sd_card.h(11): warning:  #1-D: last line of file ends without a newline
src\sd_card.c(133): warning:  #550-D: variable "response" was set but never used
src\sd_card.c(135): warning:  #550-D: variable "buffer" was set but never used
linking...
Program Size: Code=3724 RO-data=636 RW-data=0 ZI-data=608  
".\SPI SD Card.axf" - 0 Errors, 4 Warning(s).
Load "C:\\Users\\Taimoor\\Desktop\\SPI FLASH CODE\\SPI CODE\\SPI SD Card.axf" 
Connecting: Mode=JTAG, Speed=1000000Hz
Full Chip Erase Done.
Erase Done.
Programming Done.
Verify OK.
Rebuild target 'Target 1'
assembling startup_TM4C123.s...
compiling gpio.c...
compiling main.c...
src\../include/sd_card.h(11): warning:  #1-D: last line of file ends without a newline
compiling spi.c...
compiling uart.c...
compiling sd_card.c...
src\../include/sd_card.h(11): warning:  #1-D: last line of file ends without a newline
src\sd_card.c(133): warning:  #550-D: variable "response" was set but never used
src\sd_card.c(135): warning:  #550-D: variable "buffer" was set but never used
linking...
Program Size: Code=3724 RO-data=636 RW-data=0 ZI-data=608  
".\SPI SD Card.axf" - 0 Errors, 4 Warning(s).
Load "C:\\Users\\Taimoor\\Desktop\\SPI FLASH CODE\\SPI CODE\\SPI SD Card.axf" 
Connecting: Mode=JTAG, Speed=1000000Hz
Full Chip Erase Done.
Erase Done.
Programming Done.
Verify OK.
Rebuild target 'Target 1'
assembling startup_TM4C123.s...
compiling gpio.c...
compiling main.c...
src\../include/sd_card.h(11): warning:  #1-D: last line of file ends without a newline
compiling spi.c...
compiling uart.c...
compiling sd_card.c...
src\../include/sd_card.h(11): warning:  #1-D: last line of file ends without a newline
src\sd_card.c(134): warning:  #550-D: variable "response" was set but never used
src\sd_card.c(136): warning:  #550-D: variable "buffer" was set but never used
linking...
Program Size: Code=3740 RO-data=636 RW-data=0 ZI-data=608  
".\SPI SD Card.axf" - 0 Errors, 4 Warning(s).
Load "C:\\Users\\Taimoor\\Desktop\\SPI FLASH CODE\\SPI CODE\\SPI SD Card.axf" 
Connecting: Mode=JTAG, Speed=1000000Hz
Full Chip Erase Done.
Erase Done.
Programming Done.
Verify OK.
Rebuild target 'Target 1'
assembling startup_TM4C123.s...
compiling gpio.c...
compiling main.c...
src\../include/sd_card.h(11): warning:  #1-D: last line of file ends without a newline
compiling spi.c...
compiling uart.c...
compiling sd_card.c...
src\../include/sd_card.h(11): warning:  #1-D: last line of file ends without a newline
src\sd_card.c(134): warning:  #550-D: variable "response" was set but never used
src\sd_card.c(136): warning:  #550-D: variable "buffer" was set but never used
linking...
Program Size: Code=3728 RO-data=636 RW-data=0 ZI-data=608  
".\SPI SD Card.axf" - 0 Errors, 4 Warning(s).
Load "C:\\Users\\Taimoor\\Desktop\\SPI FLASH CODE\\SPI CODE\\SPI SD Card.axf" 
Connecting: Mode=JTAG, Speed=1000000Hz
Full Chip Erase Done.
Erase Done.
Programming Done.
Verify OK.
