ARM Linker, 5.03 [Build 76] [MDK-ARM Lite]

==============================================================================

Section Cross References

    startup_tm4c123.o(STACK) refers (Special) to heapauxi.o(.text) for __use_two_region_memory
    startup_tm4c123.o(HEAP) refers (Special) to heapauxi.o(.text) for __use_two_region_memory
    startup_tm4c123.o(RESET) refers (Special) to heapauxi.o(.text) for __use_two_region_memory
    startup_tm4c123.o(RESET) refers to startup_tm4c123.o(STACK) for __initial_sp
    startup_tm4c123.o(RESET) refers to startup_tm4c123.o(.text) for Reset_Handler
    startup_tm4c123.o(.text) refers (Special) to heapauxi.o(.text) for __use_two_region_memory
    startup_tm4c123.o(.text) refers to main.o(.text) for SystemInit
    startup_tm4c123.o(.text) refers to startup_tm4c123.o(HEAP) for Heap_Mem
    startup_tm4c123.o(.text) refers to startup_tm4c123.o(STACK) for Stack_Mem
    main.o(.text) refers to gpio.o(.text) for GPIO_Init
    main.o(.text) refers to uart.o(.text) for UART_Init
    main.o(.text) refers to spi.o(.text) for SPI_Init
    main.o(.text) refers to sd_card.o(.text) for sdcard_init
    spi.o(.text) refers to _printf_percent.o(.ARM.Collect$$_printf_percent$$00000000) for _printf_percent
    spi.o(.text) refers to _printf_lld.o(.ARM.Collect$$_printf_percent$$0000000E) for _printf_lld
    spi.o(.text) refers to _printf_longlong_dec.o(.text) for _printf_longlong_dec
    spi.o(.text) refers to noretval__2sprintf.o(.text) for __2sprintf
    spi.o(.text) refers to uart.o(.text) for UART_OutString
    sd_card.o(.text) refers to _printf_percent.o(.ARM.Collect$$_printf_percent$$00000000) for _printf_percent
    sd_card.o(.text) refers to _printf_lld.o(.ARM.Collect$$_printf_percent$$0000000E) for _printf_lld
    sd_card.o(.text) refers to _printf_longlong_dec.o(.text) for _printf_longlong_dec
    sd_card.o(.text) refers to _printf_d.o(.ARM.Collect$$_printf_percent$$00000009) for _printf_d
    sd_card.o(.text) refers to _printf_dec.o(.text) for _printf_int_dec
    sd_card.o(.text) refers to spi.o(.text) for SPI_Transfer
    sd_card.o(.text) refers to uart.o(.text) for OutCRLF
    sd_card.o(.text) refers to noretval__2sprintf.o(.text) for __2sprintf
    sd_card.o(.text) refers to llushr.o(.text) for __aeabi_llsr
    __2sprintf.o(.text) refers to _printf_char_common.o(.text) for _printf_char_common
    __2sprintf.o(.text) refers to _sputc.o(.text) for _sputc
    noretval__2sprintf.o(.text) refers to _printf_char_common.o(.text) for _printf_char_common
    noretval__2sprintf.o(.text) refers to _sputc.o(.text) for _sputc
    __printf.o(.text) refers to _printf_percent.o(.ARM.Collect$$_printf_percent$$00000000) for _printf_percent
    _printf_dec.o(.text) refers to _printf_intcommon.o(.text) for _printf_int_common
    _printf_longlong_dec.o(.text) refers to lludiv10.o(.text) for _ll_udiv10
    _printf_longlong_dec.o(.text) refers to _printf_intcommon.o(.text) for _printf_int_common
    __printf_flags.o(.text) refers to _printf_percent.o(.ARM.Collect$$_printf_percent$$00000000) for _printf_percent
    __printf_flags.o(.text) refers to __printf_flags.o(.constdata) for .constdata
    __printf_ss.o(.text) refers to _printf_percent.o(.ARM.Collect$$_printf_percent$$00000000) for _printf_percent
    __printf_flags_ss.o(.text) refers to _printf_percent.o(.ARM.Collect$$_printf_percent$$00000000) for _printf_percent
    __printf_flags_ss.o(.text) refers to __printf_flags_ss.o(.constdata) for .constdata
    __printf_wp.o(.text) refers to __printf_wp.o(i._is_digit) for _is_digit
    __printf_wp.o(.text) refers to _printf_percent.o(.ARM.Collect$$_printf_percent$$00000000) for _printf_percent
    __printf_flags_wp.o(.text) refers to __printf_wp.o(i._is_digit) for _is_digit
    __printf_flags_wp.o(.text) refers to _printf_percent.o(.ARM.Collect$$_printf_percent$$00000000) for _printf_percent
    __printf_flags_wp.o(.text) refers to __printf_flags_wp.o(.constdata) for .constdata
    __printf_ss_wp.o(.text) refers to __printf_wp.o(i._is_digit) for _is_digit
    __printf_ss_wp.o(.text) refers to _printf_percent.o(.ARM.Collect$$_printf_percent$$00000000) for _printf_percent
    __printf_flags_ss_wp.o(.text) refers to __printf_wp.o(i._is_digit) for _is_digit
    __printf_flags_ss_wp.o(.text) refers to _printf_percent.o(.ARM.Collect$$_printf_percent$$00000000) for _printf_percent
    __printf_flags_ss_wp.o(.text) refers to __printf_flags_ss_wp.o(.constdata) for .constdata
    _printf_d.o(.ARM.Collect$$_printf_percent$$00000009) refers (Weak) to _printf_dec.o(.text) for _printf_int_dec
    _printf_percent.o(.ARM.Collect$$_printf_percent$$00000000) refers (Special) to _printf_percent_end.o(.ARM.Collect$$_printf_percent$$00000017) for _printf_percent_end
    _printf_lld.o(.ARM.Collect$$_printf_percent$$0000000E) refers (Special) to _printf_ll.o(.ARM.Collect$$_printf_percent$$00000007) for _printf_ll
    _printf_lld.o(.ARM.Collect$$_printf_percent$$0000000E) refers (Weak) to _printf_longlong_dec.o(.text) for _printf_longlong_dec
    __main.o(!!!main) refers to rtentry.o(.ARM.Collect$$rtentry$$00000000) for __rt_entry
    rtentry.o(.ARM.Collect$$rtentry$$00000000) refers (Special) to rtentry2.o(.ARM.Collect$$rtentry$$0000000A) for __rt_entry_li
    rtentry.o(.ARM.Collect$$rtentry$$00000000) refers (Special) to rtentry2.o(.ARM.Collect$$rtentry$$0000000D) for __rt_entry_main
    rtentry.o(.ARM.Collect$$rtentry$$00000000) refers (Special) to rtentry2.o(.ARM.Collect$$rtentry$$0000000C) for __rt_entry_postli_1
    rtentry.o(.ARM.Collect$$rtentry$$00000000) refers (Special) to rtentry2.o(.ARM.Collect$$rtentry$$00000009) for __rt_entry_postsh_1
    rtentry.o(.ARM.Collect$$rtentry$$00000000) refers (Special) to rtentry2.o(.ARM.Collect$$rtentry$$00000002) for __rt_entry_presh_1
    rtentry.o(.ARM.Collect$$rtentry$$00000000) refers (Special) to rtentry4.o(.ARM.Collect$$rtentry$$00000004) for __rt_entry_sh
    _printf_char_common.o(.text) refers to __printf_ss.o(.text) for __printf
    rtentry2.o(.ARM.Collect$$rtentry$$00000008) refers to boardinit2.o(.text) for _platform_post_stackheap_init
    rtentry2.o(.ARM.Collect$$rtentry$$0000000A) refers to libinit.o(.ARM.Collect$$libinit$$00000000) for __rt_lib_init
    rtentry2.o(.ARM.Collect$$rtentry$$0000000B) refers to boardinit3.o(.text) for _platform_post_lib_init
    rtentry2.o(.ARM.Collect$$rtentry$$0000000D) refers to main.o(.text) for main
    rtentry2.o(.ARM.Collect$$rtentry$$0000000D) refers to exit.o(.text) for exit
    rtentry2.o(.ARM.exidx) refers to rtentry2.o(.ARM.Collect$$rtentry$$00000001) for .ARM.Collect$$rtentry$$00000001
    rtentry2.o(.ARM.exidx) refers to rtentry2.o(.ARM.Collect$$rtentry$$00000008) for .ARM.Collect$$rtentry$$00000008
    rtentry2.o(.ARM.exidx) refers to rtentry2.o(.ARM.Collect$$rtentry$$0000000A) for .ARM.Collect$$rtentry$$0000000A
    rtentry2.o(.ARM.exidx) refers to rtentry2.o(.ARM.Collect$$rtentry$$0000000B) for .ARM.Collect$$rtentry$$0000000B
    rtentry2.o(.ARM.exidx) refers to rtentry2.o(.ARM.Collect$$rtentry$$0000000D) for .ARM.Collect$$rtentry$$0000000D
    rtentry4.o(.ARM.Collect$$rtentry$$00000004) refers to sys_stackheap_outer.o(.text) for __user_setup_stackheap
    rtentry4.o(.ARM.exidx) refers to rtentry4.o(.ARM.Collect$$rtentry$$00000004) for .ARM.Collect$$rtentry$$00000004
    sys_stackheap_outer.o(.text) refers to libspace.o(.text) for __user_perproc_libspace
    sys_stackheap_outer.o(.text) refers to startup_tm4c123.o(.text) for __user_initial_stackheap
    exit.o(.text) refers to rtexit.o(.ARM.Collect$$rtexit$$00000000) for __rt_exit
    libinit.o(.ARM.Collect$$libinit$$00000000) refers (Special) to libinit2.o(.ARM.Collect$$libinit$$0000002C) for __rt_lib_init_alloca_1
    libinit.o(.ARM.Collect$$libinit$$00000000) refers (Special) to libinit2.o(.ARM.Collect$$libinit$$0000002A) for __rt_lib_init_argv_1
    libinit.o(.ARM.Collect$$libinit$$00000000) refers (Special) to libinit2.o(.ARM.Collect$$libinit$$00000019) for __rt_lib_init_atexit_1
    libinit.o(.ARM.Collect$$libinit$$00000000) refers (Special) to libinit2.o(.ARM.Collect$$libinit$$0000001F) for __rt_lib_init_clock_1
    libinit.o(.ARM.Collect$$libinit$$00000000) refers (Special) to libinit2.o(.ARM.Collect$$libinit$$00000030) for __rt_lib_init_cpp_1
    libinit.o(.ARM.Collect$$libinit$$00000000) refers (Special) to libinit2.o(.ARM.Collect$$libinit$$0000002E) for __rt_lib_init_exceptions_1
    libinit.o(.ARM.Collect$$libinit$$00000000) refers (Special) to libinit2.o(.ARM.Collect$$libinit$$00000001) for __rt_lib_init_fp_1
    libinit.o(.ARM.Collect$$libinit$$00000000) refers (Special) to libinit2.o(.ARM.Collect$$libinit$$0000001D) for __rt_lib_init_fp_trap_1
    libinit.o(.ARM.Collect$$libinit$$00000000) refers (Special) to libinit2.o(.ARM.Collect$$libinit$$00000021) for __rt_lib_init_getenv_1
    libinit.o(.ARM.Collect$$libinit$$00000000) refers (Special) to libinit2.o(.ARM.Collect$$libinit$$00000008) for __rt_lib_init_heap_1
    libinit.o(.ARM.Collect$$libinit$$00000000) refers (Special) to libinit2.o(.ARM.Collect$$libinit$$0000000F) for __rt_lib_init_lc_collate_1
    libinit.o(.ARM.Collect$$libinit$$00000000) refers (Special) to libinit2.o(.ARM.Collect$$libinit$$00000011) for __rt_lib_init_lc_ctype_1
    libinit.o(.ARM.Collect$$libinit$$00000000) refers (Special) to libinit2.o(.ARM.Collect$$libinit$$00000013) for __rt_lib_init_lc_monetary_1
    libinit.o(.ARM.Collect$$libinit$$00000000) refers (Special) to libinit2.o(.ARM.Collect$$libinit$$00000015) for __rt_lib_init_lc_numeric_1
    libinit.o(.ARM.Collect$$libinit$$00000000) refers (Special) to libinit2.o(.ARM.Collect$$libinit$$00000017) for __rt_lib_init_lc_time_1
    libinit.o(.ARM.Collect$$libinit$$00000000) refers (Special) to libinit2.o(.ARM.Collect$$libinit$$0000000C) for __rt_lib_init_rand_1
    libinit.o(.ARM.Collect$$libinit$$00000000) refers (Special) to libinit2.o(.ARM.Collect$$libinit$$00000031) for __rt_lib_init_return
    libinit.o(.ARM.Collect$$libinit$$00000000) refers (Special) to libinit2.o(.ARM.Collect$$libinit$$0000001B) for __rt_lib_init_signal_1
    libinit.o(.ARM.Collect$$libinit$$00000000) refers (Special) to libinit2.o(.ARM.Collect$$libinit$$00000023) for __rt_lib_init_stdio_1
    libinit.o(.ARM.Collect$$libinit$$00000000) refers (Special) to libinit2.o(.ARM.Collect$$libinit$$0000000A) for __rt_lib_init_user_alloc_1
    libspace.o(.text) refers to libspace.o(.bss) for __libspace_start
    rtexit.o(.ARM.Collect$$rtexit$$00000000) refers (Special) to rtexit2.o(.ARM.Collect$$rtexit$$00000004) for __rt_exit_exit
    rtexit.o(.ARM.Collect$$rtexit$$00000000) refers (Special) to rtexit2.o(.ARM.Collect$$rtexit$$00000003) for __rt_exit_ls
    rtexit.o(.ARM.Collect$$rtexit$$00000000) refers (Special) to rtexit2.o(.ARM.Collect$$rtexit$$00000002) for __rt_exit_prels_1
    rtexit.o(.ARM.exidx) refers (Special) to rtexit2.o(.ARM.Collect$$rtexit$$00000004) for __rt_exit_exit
    rtexit.o(.ARM.exidx) refers (Special) to rtexit2.o(.ARM.Collect$$rtexit$$00000003) for __rt_exit_ls
    rtexit.o(.ARM.exidx) refers (Special) to rtexit2.o(.ARM.Collect$$rtexit$$00000002) for __rt_exit_prels_1
    rtexit.o(.ARM.exidx) refers to rtexit.o(.ARM.Collect$$rtexit$$00000000) for .ARM.Collect$$rtexit$$00000000
    libinit2.o(.ARM.Collect$$libinit$$00000001) refers to fpinit.o(x$fpl$fpinit) for _fp_init
    libinit2.o(.ARM.Collect$$libinit$$0000000E) refers to libinit2.o(.ARM.Collect$$libinit$$0000000D) for .ARM.Collect$$libinit$$0000000D
    libinit2.o(.ARM.Collect$$libinit$$00000010) refers to libinit2.o(.ARM.Collect$$libinit$$0000000D) for .ARM.Collect$$libinit$$0000000D
    libinit2.o(.ARM.Collect$$libinit$$00000012) refers to libinit2.o(.ARM.Collect$$libinit$$0000000D) for .ARM.Collect$$libinit$$0000000D
    libinit2.o(.ARM.Collect$$libinit$$00000014) refers to libinit2.o(.ARM.Collect$$libinit$$0000000D) for .ARM.Collect$$libinit$$0000000D
    libinit2.o(.ARM.Collect$$libinit$$00000016) refers to libinit2.o(.ARM.Collect$$libinit$$0000000D) for .ARM.Collect$$libinit$$0000000D
    libinit2.o(.ARM.Collect$$libinit$$00000024) refers to argv_veneer.o(.emb_text) for __ARM_argv_veneer
    libinit2.o(.ARM.Collect$$libinit$$00000025) refers to argv_veneer.o(.emb_text) for __ARM_argv_veneer
    rtexit2.o(.ARM.Collect$$rtexit$$00000003) refers to libshutdown.o(.ARM.Collect$$libshutdown$$00000000) for __rt_lib_shutdown
    rtexit2.o(.ARM.Collect$$rtexit$$00000004) refers to sys_exit.o(.text) for _sys_exit
    rtexit2.o(.ARM.exidx) refers to rtexit2.o(.ARM.Collect$$rtexit$$00000001) for .ARM.Collect$$rtexit$$00000001
    rtexit2.o(.ARM.exidx) refers to rtexit2.o(.ARM.Collect$$rtexit$$00000003) for .ARM.Collect$$rtexit$$00000003
    rtexit2.o(.ARM.exidx) refers to rtexit2.o(.ARM.Collect$$rtexit$$00000004) for .ARM.Collect$$rtexit$$00000004
    argv_veneer.o(.emb_text) refers to no_argv.o(.text) for __ARM_get_argv
    sys_exit.o(.text) refers (Special) to use_no_semi.o(.text) for __I$use$semihosting
    sys_exit.o(.text) refers (Special) to indicate_semi.o(.text) for __semihosting_library_function
    _get_argv_nomalloc.o(.text) refers (Special) to hrguard.o(.text) for __heap_region$guard
    _get_argv_nomalloc.o(.text) refers to defsig_rtmem_outer.o(.text) for __rt_SIGRTMEM
    _get_argv_nomalloc.o(.text) refers to sys_command.o(.text) for _sys_command_string
    libshutdown.o(.ARM.Collect$$libshutdown$$00000000) refers (Special) to libshutdown2.o(.ARM.Collect$$libshutdown$$00000006) for __rt_lib_shutdown_fp_trap_1
    libshutdown.o(.ARM.Collect$$libshutdown$$00000000) refers (Special) to libshutdown2.o(.ARM.Collect$$libshutdown$$0000000E) for __rt_lib_shutdown_heap_1
    libshutdown.o(.ARM.Collect$$libshutdown$$00000000) refers (Special) to libshutdown2.o(.ARM.Collect$$libshutdown$$0000000F) for __rt_lib_shutdown_return
    libshutdown.o(.ARM.Collect$$libshutdown$$00000000) refers (Special) to libshutdown2.o(.ARM.Collect$$libshutdown$$00000009) for __rt_lib_shutdown_signal_1
    libshutdown.o(.ARM.Collect$$libshutdown$$00000000) refers (Special) to libshutdown2.o(.ARM.Collect$$libshutdown$$00000003) for __rt_lib_shutdown_stdio_1
    libshutdown.o(.ARM.Collect$$libshutdown$$00000000) refers (Special) to libshutdown2.o(.ARM.Collect$$libshutdown$$0000000B) for __rt_lib_shutdown_user_alloc_1
    sys_command.o(.text) refers (Special) to use_no_semi.o(.text) for __I$use$semihosting
    sys_command.o(.text) refers (Special) to indicate_semi.o(.text) for __semihosting_library_function
    defsig_rtmem_outer.o(.text) refers to defsig_rtmem_inner.o(.text) for __rt_SIGRTMEM_inner
    defsig_rtmem_outer.o(.text) refers to defsig_exit.o(.text) for __sig_exit
    defsig_rtmem_formal.o(.text) refers to rt_raise.o(.text) for __rt_raise
    rt_raise.o(.text) refers to __raise.o(.text) for __raise
    rt_raise.o(.text) refers to sys_exit.o(.text) for _sys_exit
    defsig_exit.o(.text) refers to sys_exit.o(.text) for _sys_exit
    defsig_rtmem_inner.o(.text) refers to defsig_general.o(.text) for __default_signal_display
    __raise.o(.text) refers to defsig.o(CL$$defsig) for __default_signal_handler
    defsig_general.o(.text) refers to sys_wrch.o(.text) for _ttywrch
    sys_wrch.o(.text) refers (Special) to use_no_semi.o(.text) for __I$use$semihosting
    sys_wrch.o(.text) refers (Special) to indicate_semi.o(.text) for __semihosting_library_function
    defsig.o(CL$$defsig) refers to defsig_rtmem_inner.o(.text) for __rt_SIGRTMEM_inner
    defsig_abrt_inner.o(.text) refers to defsig_general.o(.text) for __default_signal_display
    defsig_fpe_inner.o(.text) refers to defsig_general.o(.text) for __default_signal_display
    defsig_rtred_inner.o(.text) refers to defsig_general.o(.text) for __default_signal_display
    defsig_stak_inner.o(.text) refers to defsig_general.o(.text) for __default_signal_display
    defsig_pvfn_inner.o(.text) refers to defsig_general.o(.text) for __default_signal_display
    defsig_cppl_inner.o(.text) refers to defsig_general.o(.text) for __default_signal_display
    defsig_segv_inner.o(.text) refers to defsig_general.o(.text) for __default_signal_display
    defsig_other.o(.text) refers to defsig_general.o(.text) for __default_signal_display


==============================================================================

Image Symbol Table

    Local Symbols

    Symbol Name                              Value     Ov Type        Size  Object(Section)

    RESET                                    0x00000000   Section      620  startup_tm4c123.o(RESET)
    ../clib/angel/boardlib.s                 0x00000000   Number         0  boardinit1.o ABSOLUTE
    ../clib/angel/boardlib.s                 0x00000000   Number         0  boardinit2.o ABSOLUTE
    ../clib/angel/boardlib.s                 0x00000000   Number         0  boardshut.o ABSOLUTE
    ../clib/angel/boardlib.s                 0x00000000   Number         0  boardinit3.o ABSOLUTE
    ../clib/angel/handlers.s                 0x00000000   Number         0  __scatter_zi.o ABSOLUTE
    ../clib/angel/kernel.s                   0x00000000   Number         0  rtexit2.o ABSOLUTE
    ../clib/angel/kernel.s                   0x00000000   Number         0  rtexit.o ABSOLUTE
    ../clib/angel/kernel.s                   0x00000000   Number         0  rtentry2.o ABSOLUTE
    ../clib/angel/kernel.s                   0x00000000   Number         0  rtentry.o ABSOLUTE
    ../clib/angel/kernel.s                   0x00000000   Number         0  rtentry4.o ABSOLUTE
    ../clib/angel/rt.s                       0x00000000   Number         0  rt_raise.o ABSOLUTE
    ../clib/angel/scatter.s                  0x00000000   Number         0  __scatter.o ABSOLUTE
    ../clib/angel/startup.s                  0x00000000   Number         0  __main.o ABSOLUTE
    ../clib/angel/sys.s                      0x00000000   Number         0  sys_stackheap_outer.o ABSOLUTE
    ../clib/angel/sys.s                      0x00000000   Number         0  libspace.o ABSOLUTE
    ../clib/angel/sys.s                      0x00000000   Number         0  use_no_semi.o ABSOLUTE
    ../clib/angel/sys.s                      0x00000000   Number         0  indicate_semi.o ABSOLUTE
    ../clib/angel/sysapp.c                   0x00000000   Number         0  sys_wrch.o ABSOLUTE
    ../clib/angel/sysapp.c                   0x00000000   Number         0  sys_exit.o ABSOLUTE
    ../clib/angel/sysapp.c                   0x00000000   Number         0  sys_command.o ABSOLUTE
    ../clib/armsys.c                         0x00000000   Number         0  no_argv.o ABSOLUTE
    ../clib/armsys.c                         0x00000000   Number         0  _get_argv_nomalloc.o ABSOLUTE
    ../clib/armsys.c                         0x00000000   Number         0  argv_veneer.o ABSOLUTE
    ../clib/armsys.c                         0x00000000   Number         0  argv_veneer.o ABSOLUTE
    ../clib/heapalloc.c                      0x00000000   Number         0  hrguard.o ABSOLUTE
    ../clib/heapaux.c                        0x00000000   Number         0  heapauxi.o ABSOLUTE
    ../clib/libinit.s                        0x00000000   Number         0  libinit.o ABSOLUTE
    ../clib/libinit.s                        0x00000000   Number         0  libshutdown2.o ABSOLUTE
    ../clib/libinit.s                        0x00000000   Number         0  libinit2.o ABSOLUTE
    ../clib/libinit.s                        0x00000000   Number         0  libshutdown.o ABSOLUTE
    ../clib/longlong.s                       0x00000000   Number         0  lludiv10.o ABSOLUTE
    ../clib/longlong.s                       0x00000000   Number         0  llushr.o ABSOLUTE
    ../clib/misc.s                           0x00000000   Number         0  printf_stubs.o ABSOLUTE
    ../clib/printf.c                         0x00000000   Number         0  __printf_nopercent.o ABSOLUTE
    ../clib/printf.c                         0x00000000   Number         0  _printf_intcommon.o ABSOLUTE
    ../clib/printf.c                         0x00000000   Number         0  __printf_ss_wp.o ABSOLUTE
    ../clib/printf.c                         0x00000000   Number         0  _printf_longlong_dec.o ABSOLUTE
    ../clib/printf.c                         0x00000000   Number         0  noretval__2sprintf.o ABSOLUTE
    ../clib/printf.c                         0x00000000   Number         0  __printf_flags.o ABSOLUTE
    ../clib/printf.c                         0x00000000   Number         0  __printf_ss.o ABSOLUTE
    ../clib/printf.c                         0x00000000   Number         0  __printf_flags_ss_wp.o ABSOLUTE
    ../clib/printf.c                         0x00000000   Number         0  __printf_flags_ss.o ABSOLUTE
    ../clib/printf.c                         0x00000000   Number         0  __printf_wp.o ABSOLUTE
    ../clib/printf.c                         0x00000000   Number         0  _printf_dec.o ABSOLUTE
    ../clib/printf.c                         0x00000000   Number         0  _printf_char_common.o ABSOLUTE
    ../clib/printf.c                         0x00000000   Number         0  __2sprintf.o ABSOLUTE
    ../clib/printf.c                         0x00000000   Number         0  _sputc.o ABSOLUTE
    ../clib/printf.c                         0x00000000   Number         0  __printf.o ABSOLUTE
    ../clib/printf.c                         0x00000000   Number         0  __printf_flags_wp.o ABSOLUTE
    ../clib/printf_percent.s                 0x00000000   Number         0  _printf_lld.o ABSOLUTE
    ../clib/printf_percent.s                 0x00000000   Number         0  _printf_percent_end.o ABSOLUTE
    ../clib/printf_percent.s                 0x00000000   Number         0  _printf_d.o ABSOLUTE
    ../clib/printf_percent.s                 0x00000000   Number         0  _printf_percent.o ABSOLUTE
    ../clib/printf_percent.s                 0x00000000   Number         0  _printf_ll.o ABSOLUTE
    ../clib/signal.c                         0x00000000   Number         0  defsig_rtmem_inner.o ABSOLUTE
    ../clib/signal.c                         0x00000000   Number         0  defsig_exit.o ABSOLUTE
    ../clib/signal.c                         0x00000000   Number         0  defsig_rtmem_formal.o ABSOLUTE
    ../clib/signal.c                         0x00000000   Number         0  defsig_abrt_inner.o ABSOLUTE
    ../clib/signal.c                         0x00000000   Number         0  defsig_rtmem_outer.o ABSOLUTE
    ../clib/signal.c                         0x00000000   Number         0  defsig_fpe_inner.o ABSOLUTE
    ../clib/signal.c                         0x00000000   Number         0  defsig_general.o ABSOLUTE
    ../clib/signal.c                         0x00000000   Number         0  defsig_rtred_inner.o ABSOLUTE
    ../clib/signal.c                         0x00000000   Number         0  defsig_stak_inner.o ABSOLUTE
    ../clib/signal.c                         0x00000000   Number         0  defsig_pvfn_inner.o ABSOLUTE
    ../clib/signal.c                         0x00000000   Number         0  defsig_cppl_inner.o ABSOLUTE
    ../clib/signal.c                         0x00000000   Number         0  defsig_segv_inner.o ABSOLUTE
    ../clib/signal.c                         0x00000000   Number         0  defsig_other.o ABSOLUTE
    ../clib/signal.c                         0x00000000   Number         0  __raise.o ABSOLUTE
    ../clib/signal.s                         0x00000000   Number         0  defsig.o ABSOLUTE
    ../clib/stdlib.c                         0x00000000   Number         0  exit.o ABSOLUTE
    ../fplib/fpinit.s                        0x00000000   Number         0  fpinit.o ABSOLUTE
    dc.s                                     0x00000000   Number         0  dc.o ABSOLUTE
    src\gpio.c                               0x00000000   Number         0  gpio.o ABSOLUTE
    src\main.c                               0x00000000   Number         0  main.o ABSOLUTE
    src\sd_card.c                            0x00000000   Number         0  sd_card.o ABSOLUTE
    src\spi.c                                0x00000000   Number         0  spi.o ABSOLUTE
    src\uart.c                               0x00000000   Number         0  uart.o ABSOLUTE
    startup_TM4C123.s                        0x00000000   Number         0  startup_tm4c123.o ABSOLUTE
    !!!main                                  0x0000026c   Section        8  __main.o(!!!main)
    !!!scatter                               0x00000274   Section       52  __scatter.o(!!!scatter)
    !!handler_zi                             0x000002a8   Section       28  __scatter_zi.o(!!handler_zi)
    .ARM.Collect$$_printf_percent$$00000000  0x000002c4   Section        0  _printf_percent.o(.ARM.Collect$$_printf_percent$$00000000)
    .ARM.Collect$$_printf_percent$$00000007  0x000002c4   Section       10  _printf_ll.o(.ARM.Collect$$_printf_percent$$00000007)
    .ARM.Collect$$_printf_percent$$00000009  0x000002ce   Section        6  _printf_d.o(.ARM.Collect$$_printf_percent$$00000009)
    .ARM.Collect$$_printf_percent$$0000000E  0x000002d4   Section        6  _printf_lld.o(.ARM.Collect$$_printf_percent$$0000000E)
    .ARM.Collect$$_printf_percent$$00000017  0x000002da   Section        4  _printf_percent_end.o(.ARM.Collect$$_printf_percent$$00000017)
    .ARM.Collect$$libinit$$00000000          0x000002de   Section        2  libinit.o(.ARM.Collect$$libinit$$00000000)
    .ARM.Collect$$libinit$$00000001          0x000002e0   Section        4  libinit2.o(.ARM.Collect$$libinit$$00000001)
    .ARM.Collect$$libinit$$00000008          0x000002e4   Section        0  libinit2.o(.ARM.Collect$$libinit$$00000008)
    .ARM.Collect$$libinit$$0000000A          0x000002e4   Section        0  libinit2.o(.ARM.Collect$$libinit$$0000000A)
    .ARM.Collect$$libinit$$0000000C          0x000002e4   Section        0  libinit2.o(.ARM.Collect$$libinit$$0000000C)
    .ARM.Collect$$libinit$$0000000F          0x000002e4   Section        0  libinit2.o(.ARM.Collect$$libinit$$0000000F)
    .ARM.Collect$$libinit$$00000011          0x000002e4   Section        0  libinit2.o(.ARM.Collect$$libinit$$00000011)
    .ARM.Collect$$libinit$$00000013          0x000002e4   Section        0  libinit2.o(.ARM.Collect$$libinit$$00000013)
    .ARM.Collect$$libinit$$00000015          0x000002e4   Section        0  libinit2.o(.ARM.Collect$$libinit$$00000015)
    .ARM.Collect$$libinit$$00000017          0x000002e4   Section        0  libinit2.o(.ARM.Collect$$libinit$$00000017)
    .ARM.Collect$$libinit$$00000019          0x000002e4   Section        0  libinit2.o(.ARM.Collect$$libinit$$00000019)
    .ARM.Collect$$libinit$$0000001B          0x000002e4   Section        0  libinit2.o(.ARM.Collect$$libinit$$0000001B)
    .ARM.Collect$$libinit$$0000001D          0x000002e4   Section        0  libinit2.o(.ARM.Collect$$libinit$$0000001D)
    .ARM.Collect$$libinit$$0000001F          0x000002e4   Section        0  libinit2.o(.ARM.Collect$$libinit$$0000001F)
    .ARM.Collect$$libinit$$00000021          0x000002e4   Section        0  libinit2.o(.ARM.Collect$$libinit$$00000021)
    .ARM.Collect$$libinit$$00000023          0x000002e4   Section        0  libinit2.o(.ARM.Collect$$libinit$$00000023)
    .ARM.Collect$$libinit$$0000002A          0x000002e4   Section        0  libinit2.o(.ARM.Collect$$libinit$$0000002A)
    .ARM.Collect$$libinit$$0000002C          0x000002e4   Section        0  libinit2.o(.ARM.Collect$$libinit$$0000002C)
    .ARM.Collect$$libinit$$0000002E          0x000002e4   Section        0  libinit2.o(.ARM.Collect$$libinit$$0000002E)
    .ARM.Collect$$libinit$$00000030          0x000002e4   Section        0  libinit2.o(.ARM.Collect$$libinit$$00000030)
    .ARM.Collect$$libinit$$00000031          0x000002e4   Section        2  libinit2.o(.ARM.Collect$$libinit$$00000031)
    .ARM.Collect$$libshutdown$$00000000      0x000002e6   Section        2  libshutdown.o(.ARM.Collect$$libshutdown$$00000000)
    .ARM.Collect$$libshutdown$$00000003      0x000002e8   Section        0  libshutdown2.o(.ARM.Collect$$libshutdown$$00000003)
    .ARM.Collect$$libshutdown$$00000006      0x000002e8   Section        0  libshutdown2.o(.ARM.Collect$$libshutdown$$00000006)
    .ARM.Collect$$libshutdown$$00000009      0x000002e8   Section        0  libshutdown2.o(.ARM.Collect$$libshutdown$$00000009)
    .ARM.Collect$$libshutdown$$0000000B      0x000002e8   Section        0  libshutdown2.o(.ARM.Collect$$libshutdown$$0000000B)
    .ARM.Collect$$libshutdown$$0000000E      0x000002e8   Section        0  libshutdown2.o(.ARM.Collect$$libshutdown$$0000000E)
    .ARM.Collect$$libshutdown$$0000000F      0x000002e8   Section        2  libshutdown2.o(.ARM.Collect$$libshutdown$$0000000F)
    .ARM.Collect$$rtentry$$00000000          0x000002ea   Section        0  rtentry.o(.ARM.Collect$$rtentry$$00000000)
    .ARM.Collect$$rtentry$$00000002          0x000002ea   Section        0  rtentry2.o(.ARM.Collect$$rtentry$$00000002)
    .ARM.Collect$$rtentry$$00000004          0x000002ea   Section        6  rtentry4.o(.ARM.Collect$$rtentry$$00000004)
    .ARM.Collect$$rtentry$$00000009          0x000002f0   Section        0  rtentry2.o(.ARM.Collect$$rtentry$$00000009)
    .ARM.Collect$$rtentry$$0000000A          0x000002f0   Section        4  rtentry2.o(.ARM.Collect$$rtentry$$0000000A)
    .ARM.Collect$$rtentry$$0000000C          0x000002f4   Section        0  rtentry2.o(.ARM.Collect$$rtentry$$0000000C)
    .ARM.Collect$$rtentry$$0000000D          0x000002f4   Section        8  rtentry2.o(.ARM.Collect$$rtentry$$0000000D)
    .ARM.Collect$$rtexit$$00000000           0x000002fc   Section        2  rtexit.o(.ARM.Collect$$rtexit$$00000000)
    .ARM.Collect$$rtexit$$00000002           0x000002fe   Section        0  rtexit2.o(.ARM.Collect$$rtexit$$00000002)
    .ARM.Collect$$rtexit$$00000003           0x000002fe   Section        4  rtexit2.o(.ARM.Collect$$rtexit$$00000003)
    .ARM.Collect$$rtexit$$00000004           0x00000302   Section        6  rtexit2.o(.ARM.Collect$$rtexit$$00000004)
    .text                                    0x00000308   Section      276  startup_tm4c123.o(.text)
    $v0                                      0x00000308   Number         0  startup_tm4c123.o(.text)
    .text                                    0x0000041c   Section        0  gpio.o(.text)
    .text                                    0x00000450   Section        0  main.o(.text)
    .text                                    0x00000488   Section        0  spi.o(.text)
    .text                                    0x00000630   Section        0  uart.o(.text)
    .text                                    0x00000754   Section        0  sd_card.o(.text)
    .text                                    0x00000d0c   Section       38  llushr.o(.text)
    .text                                    0x00000d34   Section        0  noretval__2sprintf.o(.text)
    .text                                    0x00000d5c   Section        0  _printf_dec.o(.text)
    .text                                    0x00000dd4   Section        0  _printf_longlong_dec.o(.text)
    .text                                    0x00000e4c   Section        0  __printf_ss.o(.text)
    .text                                    0x00000f04   Section        0  heapauxi.o(.text)
    .text                                    0x00000f0a   Section      138  lludiv10.o(.text)
    .text                                    0x00000f94   Section        0  _printf_intcommon.o(.text)
    .text                                    0x0000104c   Section        0  _printf_char_common.o(.text)
    _printf_input_char                       0x0000104d   Thumb Code    10  _printf_char_common.o(.text)
    .text                                    0x0000107c   Section        0  _sputc.o(.text)
    .text                                    0x00001086   Section       74  sys_stackheap_outer.o(.text)
    .text                                    0x000010d0   Section        0  exit.o(.text)
    .text                                    0x000010dc   Section        8  libspace.o(.text)
    .text                                    0x000010e4   Section        0  sys_exit.o(.text)
    .text                                    0x000010f0   Section        2  use_no_semi.o(.text)
    .text                                    0x000010f2   Section        0  indicate_semi.o(.text)
    x$fpl$fpinit                             0x000010f2   Section       10  fpinit.o(x$fpl$fpinit)
    $v0                                      0x000010f2   Number         0  fpinit.o(x$fpl$fpinit)
    .bss                                     0x20000000   Section       96  libspace.o(.bss)
    HEAP                                     0x20000060   Section        0  startup_tm4c123.o(HEAP)
    STACK                                    0x20000060   Section      512  startup_tm4c123.o(STACK)
    Heap_Mem                                 0x20000060   Data           0  startup_tm4c123.o(HEAP)
    Stack_Mem                                0x20000060   Data         512  startup_tm4c123.o(STACK)
    __initial_sp                             0x20000260   Data           0  startup_tm4c123.o(STACK)

    Global Symbols

    Symbol Name                              Value     Ov Type        Size  Object(Section)

    BuildAttributes$$THM_ISAv4$E$P$D$K$B$S$7EM$VFPi3$EXTD16$VFPS$VFMA$PE$A:L22UL41UL21$X:L11$S22US41US21$IEEE1$IW$USESV6$~STKCKD$USESV7$~SHL$OSPACE$ROPI$EBA8$UX$STANDARDLIB$REQ8$PRES8$EABIv2 0x00000000   Number         0  anon$$obj.o ABSOLUTE
    __ARM_use_no_argv                        0x00000000   Number         0  main.o ABSOLUTE
    __Vectors                                0x00000000   Data           4  startup_tm4c123.o(RESET)
    _printf_flags                            0x00000000   Number         0  printf_stubs.o ABSOLUTE
    _printf_return_value                     0x00000000   Number         0  printf_stubs.o ABSOLUTE
    _printf_sizespec                         0x00000000   Number         0  printf_stubs.o ABSOLUTE
    _printf_widthprec                        0x00000000   Number         0  printf_stubs.o ABSOLUTE
    __ARM_exceptions_init                     - Undefined Weak Reference
    __alloca_initialize                       - Undefined Weak Reference
    __cpp_initialize__aeabi_                  - Undefined Weak Reference
    __cxa_finalize                            - Undefined Weak Reference
    __rt_locale                               - Undefined Weak Reference
    __sigvec_lookup                           - Undefined Weak Reference
    _atexit_init                              - Undefined Weak Reference
    _call_atexit_fns                          - Undefined Weak Reference
    _clock_init                               - Undefined Weak Reference
    _fp_trap_init                             - Undefined Weak Reference
    _fp_trap_shutdown                         - Undefined Weak Reference
    _get_lc_collate                           - Undefined Weak Reference
    _get_lc_ctype                             - Undefined Weak Reference
    _get_lc_monetary                          - Undefined Weak Reference
    _get_lc_numeric                           - Undefined Weak Reference
    _get_lc_time                              - Undefined Weak Reference
    _getenv_init                              - Undefined Weak Reference
    _handle_redirection                       - Undefined Weak Reference
    _init_alloc                               - Undefined Weak Reference
    _init_user_alloc                          - Undefined Weak Reference
    _initio                                   - Undefined Weak Reference
    _printf_post_padding                      - Undefined Weak Reference
    _printf_pre_padding                       - Undefined Weak Reference
    _printf_truncate_signed                   - Undefined Weak Reference
    _printf_truncate_unsigned                 - Undefined Weak Reference
    _rand_init                                - Undefined Weak Reference
    _signal_finish                            - Undefined Weak Reference
    _signal_init                              - Undefined Weak Reference
    _terminate_alloc                          - Undefined Weak Reference
    _terminate_user_alloc                     - Undefined Weak Reference
    _terminateio                              - Undefined Weak Reference
    __Vectors_End                            0x0000026c   Data           0  startup_tm4c123.o(RESET)
    __Vectors_Size                           0x0000026c   Number         0  startup_tm4c123.o ABSOLUTE
    __main                                   0x0000026d   Thumb Code     8  __main.o(!!!main)
    __scatterload                            0x00000275   Thumb Code     0  __scatter.o(!!!scatter)
    __scatterload_rt2                        0x00000275   Thumb Code    44  __scatter.o(!!!scatter)
    __scatterload_rt2_thumb_only             0x00000275   Thumb Code     0  __scatter.o(!!!scatter)
    __scatterload_null                       0x00000283   Thumb Code     0  __scatter.o(!!!scatter)
    __scatterload_zeroinit                   0x000002a9   Thumb Code    28  __scatter_zi.o(!!handler_zi)
    _printf_ll                               0x000002c5   Thumb Code     0  _printf_ll.o(.ARM.Collect$$_printf_percent$$00000007)
    _printf_percent                          0x000002c5   Thumb Code     0  _printf_percent.o(.ARM.Collect$$_printf_percent$$00000000)
    _printf_d                                0x000002cf   Thumb Code     0  _printf_d.o(.ARM.Collect$$_printf_percent$$00000009)
    _printf_lld                              0x000002d5   Thumb Code     0  _printf_lld.o(.ARM.Collect$$_printf_percent$$0000000E)
    _printf_percent_end                      0x000002db   Thumb Code     0  _printf_percent_end.o(.ARM.Collect$$_printf_percent$$00000017)
    __rt_lib_init                            0x000002df   Thumb Code     0  libinit.o(.ARM.Collect$$libinit$$00000000)
    __rt_lib_init_fp_1                       0x000002e1   Thumb Code     0  libinit2.o(.ARM.Collect$$libinit$$00000001)
    __rt_lib_init_alloca_1                   0x000002e5   Thumb Code     0  libinit2.o(.ARM.Collect$$libinit$$0000002C)
    __rt_lib_init_argv_1                     0x000002e5   Thumb Code     0  libinit2.o(.ARM.Collect$$libinit$$0000002A)
    __rt_lib_init_atexit_1                   0x000002e5   Thumb Code     0  libinit2.o(.ARM.Collect$$libinit$$00000019)
    __rt_lib_init_clock_1                    0x000002e5   Thumb Code     0  libinit2.o(.ARM.Collect$$libinit$$0000001F)
    __rt_lib_init_cpp_1                      0x000002e5   Thumb Code     0  libinit2.o(.ARM.Collect$$libinit$$00000030)
    __rt_lib_init_exceptions_1               0x000002e5   Thumb Code     0  libinit2.o(.ARM.Collect$$libinit$$0000002E)
    __rt_lib_init_fp_trap_1                  0x000002e5   Thumb Code     0  libinit2.o(.ARM.Collect$$libinit$$0000001D)
    __rt_lib_init_getenv_1                   0x000002e5   Thumb Code     0  libinit2.o(.ARM.Collect$$libinit$$00000021)
    __rt_lib_init_heap_1                     0x000002e5   Thumb Code     0  libinit2.o(.ARM.Collect$$libinit$$00000008)
    __rt_lib_init_lc_collate_1               0x000002e5   Thumb Code     0  libinit2.o(.ARM.Collect$$libinit$$0000000F)
    __rt_lib_init_lc_ctype_1                 0x000002e5   Thumb Code     0  libinit2.o(.ARM.Collect$$libinit$$00000011)
    __rt_lib_init_lc_monetary_1              0x000002e5   Thumb Code     0  libinit2.o(.ARM.Collect$$libinit$$00000013)
    __rt_lib_init_lc_numeric_1               0x000002e5   Thumb Code     0  libinit2.o(.ARM.Collect$$libinit$$00000015)
    __rt_lib_init_lc_time_1                  0x000002e5   Thumb Code     0  libinit2.o(.ARM.Collect$$libinit$$00000017)
    __rt_lib_init_rand_1                     0x000002e5   Thumb Code     0  libinit2.o(.ARM.Collect$$libinit$$0000000C)
    __rt_lib_init_return                     0x000002e5   Thumb Code     0  libinit2.o(.ARM.Collect$$libinit$$00000031)
    __rt_lib_init_signal_1                   0x000002e5   Thumb Code     0  libinit2.o(.ARM.Collect$$libinit$$0000001B)
    __rt_lib_init_stdio_1                    0x000002e5   Thumb Code     0  libinit2.o(.ARM.Collect$$libinit$$00000023)
    __rt_lib_init_user_alloc_1               0x000002e5   Thumb Code     0  libinit2.o(.ARM.Collect$$libinit$$0000000A)
    __rt_lib_shutdown                        0x000002e7   Thumb Code     0  libshutdown.o(.ARM.Collect$$libshutdown$$00000000)
    __rt_lib_shutdown_fp_trap_1              0x000002e9   Thumb Code     0  libshutdown2.o(.ARM.Collect$$libshutdown$$00000006)
    __rt_lib_shutdown_heap_1                 0x000002e9   Thumb Code     0  libshutdown2.o(.ARM.Collect$$libshutdown$$0000000E)
    __rt_lib_shutdown_return                 0x000002e9   Thumb Code     0  libshutdown2.o(.ARM.Collect$$libshutdown$$0000000F)
    __rt_lib_shutdown_signal_1               0x000002e9   Thumb Code     0  libshutdown2.o(.ARM.Collect$$libshutdown$$00000009)
    __rt_lib_shutdown_stdio_1                0x000002e9   Thumb Code     0  libshutdown2.o(.ARM.Collect$$libshutdown$$00000003)
    __rt_lib_shutdown_user_alloc_1           0x000002e9   Thumb Code     0  libshutdown2.o(.ARM.Collect$$libshutdown$$0000000B)
    __rt_entry                               0x000002eb   Thumb Code     0  rtentry.o(.ARM.Collect$$rtentry$$00000000)
    __rt_entry_presh_1                       0x000002eb   Thumb Code     0  rtentry2.o(.ARM.Collect$$rtentry$$00000002)
    __rt_entry_sh                            0x000002eb   Thumb Code     0  rtentry4.o(.ARM.Collect$$rtentry$$00000004)
    __rt_entry_li                            0x000002f1   Thumb Code     0  rtentry2.o(.ARM.Collect$$rtentry$$0000000A)
    __rt_entry_postsh_1                      0x000002f1   Thumb Code     0  rtentry2.o(.ARM.Collect$$rtentry$$00000009)
    __rt_entry_main                          0x000002f5   Thumb Code     0  rtentry2.o(.ARM.Collect$$rtentry$$0000000D)
    __rt_entry_postli_1                      0x000002f5   Thumb Code     0  rtentry2.o(.ARM.Collect$$rtentry$$0000000C)
    __rt_exit                                0x000002fd   Thumb Code     0  rtexit.o(.ARM.Collect$$rtexit$$00000000)
    __rt_exit_ls                             0x000002ff   Thumb Code     0  rtexit2.o(.ARM.Collect$$rtexit$$00000003)
    __rt_exit_prels_1                        0x000002ff   Thumb Code     0  rtexit2.o(.ARM.Collect$$rtexit$$00000002)
    __rt_exit_exit                           0x00000303   Thumb Code     0  rtexit2.o(.ARM.Collect$$rtexit$$00000004)
    Reset_Handler                            0x00000309   Thumb Code     8  startup_tm4c123.o(.text)
    NMI_Handler                              0x00000311   Thumb Code     2  startup_tm4c123.o(.text)
    HardFault_Handler                        0x00000313   Thumb Code     2  startup_tm4c123.o(.text)
    MemManage_Handler                        0x00000315   Thumb Code     2  startup_tm4c123.o(.text)
    BusFault_Handler                         0x00000317   Thumb Code     2  startup_tm4c123.o(.text)
    UsageFault_Handler                       0x00000319   Thumb Code     2  startup_tm4c123.o(.text)
    SVC_Handler                              0x0000031b   Thumb Code     2  startup_tm4c123.o(.text)
    DebugMon_Handler                         0x0000031d   Thumb Code     2  startup_tm4c123.o(.text)
    PendSV_Handler                           0x0000031f   Thumb Code     2  startup_tm4c123.o(.text)
    SysTick_Handler                          0x00000321   Thumb Code     2  startup_tm4c123.o(.text)
    GPIOA_Handler                            0x00000323   Thumb Code     2  startup_tm4c123.o(.text)
    GPIOB_Handler                            0x00000325   Thumb Code     2  startup_tm4c123.o(.text)
    GPIOC_Handler                            0x00000327   Thumb Code     2  startup_tm4c123.o(.text)
    GPIOD_Handler                            0x00000329   Thumb Code     2  startup_tm4c123.o(.text)
    GPIOE_Handler                            0x0000032b   Thumb Code     2  startup_tm4c123.o(.text)
    UART0_Handler                            0x0000032d   Thumb Code     2  startup_tm4c123.o(.text)
    UART1_Handler                            0x0000032f   Thumb Code     2  startup_tm4c123.o(.text)
    SSI0_Handler                             0x00000331   Thumb Code     2  startup_tm4c123.o(.text)
    I2C0_Handler                             0x00000333   Thumb Code     2  startup_tm4c123.o(.text)
    PMW0_FAULT_Handler                       0x00000335   Thumb Code     2  startup_tm4c123.o(.text)
    PWM0_0_Handler                           0x00000337   Thumb Code     2  startup_tm4c123.o(.text)
    PWM0_1_Handler                           0x00000339   Thumb Code     2  startup_tm4c123.o(.text)
    PWM0_2_Handler                           0x0000033b   Thumb Code     2  startup_tm4c123.o(.text)
    QEI0_Handler                             0x0000033d   Thumb Code     2  startup_tm4c123.o(.text)
    ADC0SS0_Handler                          0x0000033f   Thumb Code     2  startup_tm4c123.o(.text)
    ADC0SS1_Handler                          0x00000341   Thumb Code     2  startup_tm4c123.o(.text)
    ADC0SS2_Handler                          0x00000343   Thumb Code     2  startup_tm4c123.o(.text)
    ADC0SS3_Handler                          0x00000345   Thumb Code     2  startup_tm4c123.o(.text)
    WDT0_Handler                             0x00000347   Thumb Code     2  startup_tm4c123.o(.text)
    TIMER0A_Handler                          0x00000349   Thumb Code     2  startup_tm4c123.o(.text)
    TIMER0B_Handler                          0x0000034b   Thumb Code     2  startup_tm4c123.o(.text)
    TIMER1A_Handler                          0x0000034d   Thumb Code     2  startup_tm4c123.o(.text)
    TIMER1B_Handler                          0x0000034f   Thumb Code     2  startup_tm4c123.o(.text)
    TIMER2A_Handler                          0x00000351   Thumb Code     2  startup_tm4c123.o(.text)
    TIMER2B_Handler                          0x00000353   Thumb Code     2  startup_tm4c123.o(.text)
    COMP0_Handler                            0x00000355   Thumb Code     2  startup_tm4c123.o(.text)
    COMP1_Handler                            0x00000357   Thumb Code     2  startup_tm4c123.o(.text)
    COMP2_Handler                            0x00000359   Thumb Code     2  startup_tm4c123.o(.text)
    SYSCTL_Handler                           0x0000035b   Thumb Code     2  startup_tm4c123.o(.text)
    FLASH_Handler                            0x0000035d   Thumb Code     2  startup_tm4c123.o(.text)
    GPIOF_Handler                            0x0000035f   Thumb Code     2  startup_tm4c123.o(.text)
    GPIOG_Handler                            0x00000361   Thumb Code     2  startup_tm4c123.o(.text)
    GPIOH_Handler                            0x00000363   Thumb Code     2  startup_tm4c123.o(.text)
    UART2_Handler                            0x00000365   Thumb Code     2  startup_tm4c123.o(.text)
    SSI1_Handler                             0x00000367   Thumb Code     2  startup_tm4c123.o(.text)
    TIMER3A_Handler                          0x00000369   Thumb Code     2  startup_tm4c123.o(.text)
    TIMER3B_Handler                          0x0000036b   Thumb Code     2  startup_tm4c123.o(.text)
    I2C1_Handler                             0x0000036d   Thumb Code     2  startup_tm4c123.o(.text)
    QEI1_Handler                             0x0000036f   Thumb Code     2  startup_tm4c123.o(.text)
    CAN0_Handler                             0x00000371   Thumb Code     2  startup_tm4c123.o(.text)
    CAN1_Handler                             0x00000373   Thumb Code     2  startup_tm4c123.o(.text)
    CAN2_Handler                             0x00000375   Thumb Code     2  startup_tm4c123.o(.text)
    HIB_Handler                              0x00000377   Thumb Code     2  startup_tm4c123.o(.text)
    USB0_Handler                             0x00000379   Thumb Code     2  startup_tm4c123.o(.text)
    PWM0_3_Handler                           0x0000037b   Thumb Code     2  startup_tm4c123.o(.text)
    UDMA_Handler                             0x0000037d   Thumb Code     2  startup_tm4c123.o(.text)
    UDMAERR_Handler                          0x0000037f   Thumb Code     2  startup_tm4c123.o(.text)
    ADC1SS0_Handler                          0x00000381   Thumb Code     2  startup_tm4c123.o(.text)
    ADC1SS1_Handler                          0x00000383   Thumb Code     2  startup_tm4c123.o(.text)
    ADC1SS2_Handler                          0x00000385   Thumb Code     2  startup_tm4c123.o(.text)
    ADC1SS3_Handler                          0x00000387   Thumb Code     2  startup_tm4c123.o(.text)
    GPIOJ_Handler                            0x00000389   Thumb Code     2  startup_tm4c123.o(.text)
    GPIOK_Handler                            0x0000038b   Thumb Code     2  startup_tm4c123.o(.text)
    GPIOL_Handler                            0x0000038d   Thumb Code     2  startup_tm4c123.o(.text)
    SSI2_Handler                             0x0000038f   Thumb Code     2  startup_tm4c123.o(.text)
    SSI3_Handler                             0x00000391   Thumb Code     2  startup_tm4c123.o(.text)
    UART3_Handler                            0x00000393   Thumb Code     2  startup_tm4c123.o(.text)
    UART4_Handler                            0x00000395   Thumb Code     2  startup_tm4c123.o(.text)
    UART5_Handler                            0x00000397   Thumb Code     2  startup_tm4c123.o(.text)
    UART6_Handler                            0x00000399   Thumb Code     2  startup_tm4c123.o(.text)
    UART7_Handler                            0x0000039b   Thumb Code     2  startup_tm4c123.o(.text)
    I2C2_Handler                             0x0000039d   Thumb Code     2  startup_tm4c123.o(.text)
    I2C3_Handler                             0x0000039f   Thumb Code     2  startup_tm4c123.o(.text)
    TIMER4A_Handler                          0x000003a1   Thumb Code     2  startup_tm4c123.o(.text)
    TIMER4B_Handler                          0x000003a3   Thumb Code     2  startup_tm4c123.o(.text)
    TIMER5A_Handler                          0x000003a5   Thumb Code     2  startup_tm4c123.o(.text)
    TIMER5B_Handler                          0x000003a7   Thumb Code     2  startup_tm4c123.o(.text)
    WTIMER0A_Handler                         0x000003a9   Thumb Code     2  startup_tm4c123.o(.text)
    WTIMER0B_Handler                         0x000003ab   Thumb Code     2  startup_tm4c123.o(.text)
    WTIMER1A_Handler                         0x000003ad   Thumb Code     2  startup_tm4c123.o(.text)
    WTIMER1B_Handler                         0x000003af   Thumb Code     2  startup_tm4c123.o(.text)
    WTIMER2A_Handler                         0x000003b1   Thumb Code     2  startup_tm4c123.o(.text)
    WTIMER2B_Handler                         0x000003b3   Thumb Code     2  startup_tm4c123.o(.text)
    WTIMER3A_Handler                         0x000003b5   Thumb Code     2  startup_tm4c123.o(.text)
    WTIMER3B_Handler                         0x000003b7   Thumb Code     2  startup_tm4c123.o(.text)
    WTIMER4A_Handler                         0x000003b9   Thumb Code     2  startup_tm4c123.o(.text)
    WTIMER4B_Handler                         0x000003bb   Thumb Code     2  startup_tm4c123.o(.text)
    WTIMER5A_Handler                         0x000003bd   Thumb Code     2  startup_tm4c123.o(.text)
    WTIMER5B_Handler                         0x000003bf   Thumb Code     2  startup_tm4c123.o(.text)
    FPU_Handler                              0x000003c1   Thumb Code     2  startup_tm4c123.o(.text)
    I2C4_Handler                             0x000003c3   Thumb Code     2  startup_tm4c123.o(.text)
    I2C5_Handler                             0x000003c5   Thumb Code     2  startup_tm4c123.o(.text)
    GPIOM_Handler                            0x000003c7   Thumb Code     2  startup_tm4c123.o(.text)
    GPION_Handler                            0x000003c9   Thumb Code     2  startup_tm4c123.o(.text)
    QEI2_Handler                             0x000003cb   Thumb Code     2  startup_tm4c123.o(.text)
    GPIOP0_Handler                           0x000003cd   Thumb Code     2  startup_tm4c123.o(.text)
    GPIOP1_Handler                           0x000003cf   Thumb Code     2  startup_tm4c123.o(.text)
    GPIOP2_Handler                           0x000003d1   Thumb Code     2  startup_tm4c123.o(.text)
    GPIOP3_Handler                           0x000003d3   Thumb Code     2  startup_tm4c123.o(.text)
    GPIOP4_Handler                           0x000003d5   Thumb Code     2  startup_tm4c123.o(.text)
    GPIOP5_Handler                           0x000003d7   Thumb Code     2  startup_tm4c123.o(.text)
    GPIOP6_Handler                           0x000003d9   Thumb Code     2  startup_tm4c123.o(.text)
    GPIOP7_Handler                           0x000003db   Thumb Code     2  startup_tm4c123.o(.text)
    GPIOQ0_Handler                           0x000003dd   Thumb Code     2  startup_tm4c123.o(.text)
    GPIOQ1_Handler                           0x000003df   Thumb Code     2  startup_tm4c123.o(.text)
    GPIOQ2_Handler                           0x000003e1   Thumb Code     2  startup_tm4c123.o(.text)
    GPIOQ3_Handler                           0x000003e3   Thumb Code     2  startup_tm4c123.o(.text)
    GPIOQ4_Handler                           0x000003e5   Thumb Code     2  startup_tm4c123.o(.text)
    GPIOQ5_Handler                           0x000003e7   Thumb Code     2  startup_tm4c123.o(.text)
    GPIOQ6_Handler                           0x000003e9   Thumb Code     2  startup_tm4c123.o(.text)
    GPIOQ7_Handler                           0x000003eb   Thumb Code     2  startup_tm4c123.o(.text)
    GPIOR_Handler                            0x000003ed   Thumb Code     2  startup_tm4c123.o(.text)
    GPIOS_Handler                            0x000003ef   Thumb Code     2  startup_tm4c123.o(.text)
    PMW1_0_Handler                           0x000003f1   Thumb Code     2  startup_tm4c123.o(.text)
    PWM1_1_Handler                           0x000003f3   Thumb Code     2  startup_tm4c123.o(.text)
    PWM1_2_Handler                           0x000003f5   Thumb Code     2  startup_tm4c123.o(.text)
    PWM1_3_Handler                           0x000003f7   Thumb Code     2  startup_tm4c123.o(.text)
    PWM1_FAULT_Handler                       0x000003f9   Thumb Code     2  startup_tm4c123.o(.text)
    __user_initial_stackheap                 0x000003fd   Thumb Code     0  startup_tm4c123.o(.text)
    GPIO_Init                                0x0000041d   Thumb Code    38  gpio.o(.text)
    SystemInit                               0x00000451   Thumb Code     2  main.o(.text)
    main                                     0x00000453   Thumb Code    34  main.o(.text)
    SPI_Init                                 0x00000489   Thumb Code   144  spi.o(.text)
    SPI_Transfer                             0x00000519   Thumb Code     8  spi.o(.text)
    SPI_Receive_Data_Compare                 0x00000521   Thumb Code    80  spi.o(.text)
    SPI_Receive_Data                         0x00000571   Thumb Code   116  spi.o(.text)
    SPI_Receive_Data_Single_Shot             0x000005e5   Thumb Code    32  spi.o(.text)
    UART_Init                                0x00000631   Thumb Code   136  uart.o(.text)
    UART_InChar                              0x000006b9   Thumb Code    20  uart.o(.text)
    UART_OutChar                             0x000006cd   Thumb Code    18  uart.o(.text)
    UART_OutString                           0x000006df   Thumb Code    22  uart.o(.text)
    UART_InString                            0x000006f5   Thumb Code    60  uart.o(.text)
    OutCRLF                                  0x00000731   Thumb Code    16  uart.o(.text)
    delay_ms                                 0x00000755   Thumb Code    24  sd_card.o(.text)
    SPI_SEND_CMD                             0x0000076d   Thumb Code   224  sd_card.o(.text)
    SPI_SEND_ACMD                            0x0000084d   Thumb Code    36  sd_card.o(.text)
    sdcard_init                              0x00000871   Thumb Code   330  sd_card.o(.text)
    SD_Read_Block                            0x000009bb   Thumb Code    80  sd_card.o(.text)
    SD_Read_Multiple_Blocks                  0x00000a0b   Thumb Code   166  sd_card.o(.text)
    SD_Write_Block                           0x00000ab1   Thumb Code   164  sd_card.o(.text)
    sdcard_format                            0x00000b55   Thumb Code   424  sd_card.o(.text)
    __aeabi_llsr                             0x00000d0d   Thumb Code     0  llushr.o(.text)
    _ll_ushift_r                             0x00000d0d   Thumb Code    38  llushr.o(.text)
    __2sprintf                               0x00000d35   Thumb Code    34  noretval__2sprintf.o(.text)
    _printf_int_dec                          0x00000d5d   Thumb Code   102  _printf_dec.o(.text)
    _printf_longlong_dec                     0x00000dd5   Thumb Code   104  _printf_longlong_dec.o(.text)
    __printf                                 0x00000e4d   Thumb Code   184  __printf_ss.o(.text)
    __use_two_region_memory                  0x00000f05   Thumb Code     2  heapauxi.o(.text)
    __rt_heap_escrow$2region                 0x00000f07   Thumb Code     2  heapauxi.o(.text)
    __rt_heap_expand$2region                 0x00000f09   Thumb Code     2  heapauxi.o(.text)
    _ll_udiv10                               0x00000f0b   Thumb Code   138  lludiv10.o(.text)
    _printf_int_common                       0x00000f95   Thumb Code   184  _printf_intcommon.o(.text)
    _printf_char_common                      0x00001057   Thumb Code    32  _printf_char_common.o(.text)
    _sputc                                   0x0000107d   Thumb Code    10  _sputc.o(.text)
    __user_setup_stackheap                   0x00001087   Thumb Code    74  sys_stackheap_outer.o(.text)
    exit                                     0x000010d1   Thumb Code    12  exit.o(.text)
    __user_libspace                          0x000010dd   Thumb Code     8  libspace.o(.text)
    __user_perproc_libspace                  0x000010dd   Thumb Code     0  libspace.o(.text)
    __user_perthread_libspace                0x000010dd   Thumb Code     0  libspace.o(.text)
    _sys_exit                                0x000010e5   Thumb Code     8  sys_exit.o(.text)
    __I$use$semihosting                      0x000010f1   Thumb Code     0  use_no_semi.o(.text)
    __use_no_semihosting_swi                 0x000010f1   Thumb Code     2  use_no_semi.o(.text)
    __semihosting_library_function           0x000010f3   Thumb Code     0  indicate_semi.o(.text)
    _fp_init                                 0x000010f3   Thumb Code    10  fpinit.o(x$fpl$fpinit)
    __fplib_config_fpu_vfp                   0x000010fb   Thumb Code     0  fpinit.o(x$fpl$fpinit)
    __fplib_config_pureend_doubles           0x000010fb   Thumb Code     0  fpinit.o(x$fpl$fpinit)
    Region$$Table$$Base                      0x000010fc   Number         0  anon$$obj.o(Region$$Table)
    Region$$Table$$Limit                     0x0000110c   Number         0  anon$$obj.o(Region$$Table)
    __libspace_start                         0x20000000   Data          96  libspace.o(.bss)
    __temporary_stack_top$libspace           0x20000060   Data           0  libspace.o(.bss)



==============================================================================

Memory Map of the image

  Image Entry point : 0x00000309

  Load Region LR_1 (Base: 0x00000000, Size: 0x0000110c, Max: 0xffffffff, ABSOLUTE)

    Execution Region ER_RO (Base: 0x00000000, Size: 0x0000110c, Max: 0xffffffff, ABSOLUTE)

    Base Addr    Size         Type   Attr      Idx    E Section Name        Object

    0x00000000   0x0000026c   Data   RO            3    RESET               startup_tm4c123.o
    0x0000026c   0x00000008   Code   RO          135  * !!!main             c_w.l(__main.o)
    0x00000274   0x00000034   Code   RO          301    !!!scatter          c_w.l(__scatter.o)
    0x000002a8   0x0000001c   Code   RO          303    !!handler_zi        c_w.l(__scatter_zi.o)
    0x000002c4   0x00000000   Code   RO          131    .ARM.Collect$$_printf_percent$$00000000  c_w.l(_printf_percent.o)
    0x000002c4   0x0000000a   Code   RO          147    .ARM.Collect$$_printf_percent$$00000007  c_w.l(_printf_ll.o)
    0x000002ce   0x00000006   Code   RO          130    .ARM.Collect$$_printf_percent$$00000009  c_w.l(_printf_d.o)
    0x000002d4   0x00000006   Code   RO          132    .ARM.Collect$$_printf_percent$$0000000E  c_w.l(_printf_lld.o)
    0x000002da   0x00000004   Code   RO          146    .ARM.Collect$$_printf_percent$$00000017  c_w.l(_printf_percent_end.o)
    0x000002de   0x00000002   Code   RO          174    .ARM.Collect$$libinit$$00000000  c_w.l(libinit.o)
    0x000002e0   0x00000004   Code   RO          180    .ARM.Collect$$libinit$$00000001  c_w.l(libinit2.o)
    0x000002e4   0x00000000   Code   RO          184    .ARM.Collect$$libinit$$00000008  c_w.l(libinit2.o)
    0x000002e4   0x00000000   Code   RO          186    .ARM.Collect$$libinit$$0000000A  c_w.l(libinit2.o)
    0x000002e4   0x00000000   Code   RO          188    .ARM.Collect$$libinit$$0000000C  c_w.l(libinit2.o)
    0x000002e4   0x00000000   Code   RO          191    .ARM.Collect$$libinit$$0000000F  c_w.l(libinit2.o)
    0x000002e4   0x00000000   Code   RO          193    .ARM.Collect$$libinit$$00000011  c_w.l(libinit2.o)
    0x000002e4   0x00000000   Code   RO          195    .ARM.Collect$$libinit$$00000013  c_w.l(libinit2.o)
    0x000002e4   0x00000000   Code   RO          197    .ARM.Collect$$libinit$$00000015  c_w.l(libinit2.o)
    0x000002e4   0x00000000   Code   RO          199    .ARM.Collect$$libinit$$00000017  c_w.l(libinit2.o)
    0x000002e4   0x00000000   Code   RO          201    .ARM.Collect$$libinit$$00000019  c_w.l(libinit2.o)
    0x000002e4   0x00000000   Code   RO          203    .ARM.Collect$$libinit$$0000001B  c_w.l(libinit2.o)
    0x000002e4   0x00000000   Code   RO          205    .ARM.Collect$$libinit$$0000001D  c_w.l(libinit2.o)
    0x000002e4   0x00000000   Code   RO          207    .ARM.Collect$$libinit$$0000001F  c_w.l(libinit2.o)
    0x000002e4   0x00000000   Code   RO          209    .ARM.Collect$$libinit$$00000021  c_w.l(libinit2.o)
    0x000002e4   0x00000000   Code   RO          211    .ARM.Collect$$libinit$$00000023  c_w.l(libinit2.o)
    0x000002e4   0x00000000   Code   RO          215    .ARM.Collect$$libinit$$0000002A  c_w.l(libinit2.o)
    0x000002e4   0x00000000   Code   RO          217    .ARM.Collect$$libinit$$0000002C  c_w.l(libinit2.o)
    0x000002e4   0x00000000   Code   RO          219    .ARM.Collect$$libinit$$0000002E  c_w.l(libinit2.o)
    0x000002e4   0x00000000   Code   RO          221    .ARM.Collect$$libinit$$00000030  c_w.l(libinit2.o)
    0x000002e4   0x00000002   Code   RO          222    .ARM.Collect$$libinit$$00000031  c_w.l(libinit2.o)
    0x000002e6   0x00000002   Code   RO          242    .ARM.Collect$$libshutdown$$00000000  c_w.l(libshutdown.o)
    0x000002e8   0x00000000   Code   RO          256    .ARM.Collect$$libshutdown$$00000003  c_w.l(libshutdown2.o)
    0x000002e8   0x00000000   Code   RO          259    .ARM.Collect$$libshutdown$$00000006  c_w.l(libshutdown2.o)
    0x000002e8   0x00000000   Code   RO          262    .ARM.Collect$$libshutdown$$00000009  c_w.l(libshutdown2.o)
    0x000002e8   0x00000000   Code   RO          264    .ARM.Collect$$libshutdown$$0000000B  c_w.l(libshutdown2.o)
    0x000002e8   0x00000000   Code   RO          267    .ARM.Collect$$libshutdown$$0000000E  c_w.l(libshutdown2.o)
    0x000002e8   0x00000002   Code   RO          268    .ARM.Collect$$libshutdown$$0000000F  c_w.l(libshutdown2.o)
    0x000002ea   0x00000000   Code   RO          137    .ARM.Collect$$rtentry$$00000000  c_w.l(rtentry.o)
    0x000002ea   0x00000000   Code   RO          149    .ARM.Collect$$rtentry$$00000002  c_w.l(rtentry2.o)
    0x000002ea   0x00000006   Code   RO          161    .ARM.Collect$$rtentry$$00000004  c_w.l(rtentry4.o)
    0x000002f0   0x00000000   Code   RO          151    .ARM.Collect$$rtentry$$00000009  c_w.l(rtentry2.o)
    0x000002f0   0x00000004   Code   RO          152    .ARM.Collect$$rtentry$$0000000A  c_w.l(rtentry2.o)
    0x000002f4   0x00000000   Code   RO          154    .ARM.Collect$$rtentry$$0000000C  c_w.l(rtentry2.o)
    0x000002f4   0x00000008   Code   RO          155    .ARM.Collect$$rtentry$$0000000D  c_w.l(rtentry2.o)
    0x000002fc   0x00000002   Code   RO          178    .ARM.Collect$$rtexit$$00000000  c_w.l(rtexit.o)
    0x000002fe   0x00000000   Code   RO          224    .ARM.Collect$$rtexit$$00000002  c_w.l(rtexit2.o)
    0x000002fe   0x00000004   Code   RO          225    .ARM.Collect$$rtexit$$00000003  c_w.l(rtexit2.o)
    0x00000302   0x00000006   Code   RO          226    .ARM.Collect$$rtexit$$00000004  c_w.l(rtexit2.o)
    0x00000308   0x00000114   Code   RO            4  * .text               startup_tm4c123.o
    0x0000041c   0x00000034   Code   RO           10    .text               gpio.o
    0x00000450   0x00000038   Code   RO           32    .text               main.o
    0x00000488   0x000001a8   Code   RO           60    .text               spi.o
    0x00000630   0x00000124   Code   RO           72    .text               uart.o
    0x00000754   0x000005b8   Code   RO           84    .text               sd_card.o
    0x00000d0c   0x00000026   Code   RO           98    .text               c_w.l(llushr.o)
    0x00000d32   0x00000002   PAD
    0x00000d34   0x00000028   Code   RO          102    .text               c_w.l(noretval__2sprintf.o)
    0x00000d5c   0x00000078   Code   RO          106    .text               c_w.l(_printf_dec.o)
    0x00000dd4   0x00000078   Code   RO          108    .text               c_w.l(_printf_longlong_dec.o)
    0x00000e4c   0x000000b8   Code   RO          113    .text               c_w.l(__printf_ss.o)
    0x00000f04   0x00000006   Code   RO          133    .text               c_w.l(heapauxi.o)
    0x00000f0a   0x0000008a   Code   RO          138    .text               c_w.l(lludiv10.o)
    0x00000f94   0x000000b8   Code   RO          140    .text               c_w.l(_printf_intcommon.o)
    0x0000104c   0x00000030   Code   RO          142    .text               c_w.l(_printf_char_common.o)
    0x0000107c   0x0000000a   Code   RO          144    .text               c_w.l(_sputc.o)
    0x00001086   0x0000004a   Code   RO          165    .text               c_w.l(sys_stackheap_outer.o)
    0x000010d0   0x0000000c   Code   RO          167    .text               c_w.l(exit.o)
    0x000010dc   0x00000008   Code   RO          175    .text               c_w.l(libspace.o)
    0x000010e4   0x0000000c   Code   RO          234    .text               c_w.l(sys_exit.o)
    0x000010f0   0x00000002   Code   RO          245    .text               c_w.l(use_no_semi.o)
    0x000010f2   0x00000000   Code   RO          247    .text               c_w.l(indicate_semi.o)
    0x000010f2   0x0000000a   Code   RO          232    x$fpl$fpinit        fz_wm.l(fpinit.o)
    0x000010fc   0x00000010   Data   RO          299    Region$$Table       anon$$obj.o


    Execution Region ER_RW (Base: 0x20000000, Size: 0x00000000, Max: 0xffffffff, ABSOLUTE)

    **** No section assigned to this execution region ****


    Execution Region ER_ZI (Base: 0x20000000, Size: 0x00000260, Max: 0xffffffff, ABSOLUTE)

    Base Addr    Size         Type   Attr      Idx    E Section Name        Object

    0x20000000   0x00000060   Zero   RW          176    .bss                c_w.l(libspace.o)
    0x20000060   0x00000000   Zero   RW            2    HEAP                startup_tm4c123.o
    0x20000060   0x00000200   Zero   RW            1    STACK               startup_tm4c123.o


==============================================================================

Image component sizes


      Code (inc. data)   RO Data    RW Data    ZI Data      Debug   Object Name

        52         14          0          0          0       4636   gpio.o
        56         20          0          0          0        622   main.o
      1464        212          0          0          0       3393   sd_card.o
       424         44          0          0          0       1799   spi.o
       276         24        620          0        512       5392   startup_tm4c123.o
       292         20          0          0          0       1578   uart.o

    ----------------------------------------------------------------------
      2564        334        636          0        512      17420   Object Totals
         0          0         16          0          0          0   (incl. Generated)
         0          0          0          0          0          0   (incl. Padding)

    ----------------------------------------------------------------------

      Code (inc. data)   RO Data    RW Data    ZI Data      Debug   Library Member Name

         8          0          0          0          0         68   __main.o
       184          0          0          0          0         84   __printf_ss.o
        52          8          0          0          0          0   __scatter.o
        28          0          0          0          0          0   __scatter_zi.o
        48          6          0          0          0         96   _printf_char_common.o
         6          0          0          0          0          0   _printf_d.o
       120         18          0          0          0         92   _printf_dec.o
       184          0          0          0          0         88   _printf_intcommon.o
        10          0          0          0          0          0   _printf_ll.o
         6          0          0          0          0          0   _printf_lld.o
       120         16          0          0          0         92   _printf_longlong_dec.o
         0          0          0          0          0          0   _printf_percent.o
         4          0          0          0          0          0   _printf_percent_end.o
        10          0          0          0          0         68   _sputc.o
        12          0          0          0          0         72   exit.o
         6          0          0          0          0        152   heapauxi.o
         0          0          0          0          0          0   indicate_semi.o
         2          0          0          0          0          0   libinit.o
         6          0          0          0          0          0   libinit2.o
         2          0          0          0          0          0   libshutdown.o
         2          0          0          0          0          0   libshutdown2.o
         8          4          0          0         96         68   libspace.o
       138          0          0          0          0         80   lludiv10.o
        38          0          0          0          0         68   llushr.o
        40          6          0          0          0         84   noretval__2sprintf.o
         0          0          0          0          0          0   rtentry.o
        12          0          0          0          0          0   rtentry2.o
         6          0          0          0          0          0   rtentry4.o
         2          0          0          0          0          0   rtexit.o
        10          0          0          0          0          0   rtexit2.o
        12          4          0          0          0         68   sys_exit.o
        74          0          0          0          0         80   sys_stackheap_outer.o
         2          0          0          0          0         68   use_no_semi.o
        10          0          0          0          0        116   fpinit.o

    ----------------------------------------------------------------------
      1164         62          0          0         96       1444   Library Totals
         2          0          0          0          0          0   (incl. Padding)

    ----------------------------------------------------------------------

      Code (inc. data)   RO Data    RW Data    ZI Data      Debug   Library Name

      1152         62          0          0         96       1328   c_w.l
        10          0          0          0          0        116   fz_wm.l

    ----------------------------------------------------------------------
      1164         62          0          0         96       1444   Library Totals

    ----------------------------------------------------------------------

==============================================================================


      Code (inc. data)   RO Data    RW Data    ZI Data      Debug   

      3728        396        636          0        608      17336   Grand Totals
      3728        396        636          0        608      17336   ELF Image Totals
      3728        396        636          0          0          0   ROM Totals

==============================================================================

    Total RO  Size (Code + RO Data)                 4364 (   4.26kB)
    Total RW  Size (RW Data + ZI Data)               608 (   0.59kB)
    Total ROM Size (Code + RO Data + RW Data)       4364 (   4.26kB)

==============================================================================

